Microchip MPLAB XC8 Compiler V1.45 ()

Linker command line:

-W-3 --edf=C:\Program Files (x86)\Microchip\xc8\v1.45\dat\en_msgs.txt -cs \
  -h+dist/default/production\PIC.X.production.sym \
  --cmf=dist/default/production\PIC.X.production.cmf -z -Q16F1619 \
  -oC:\Users\xoxox\AppData\Local\Temp\siro.2 \
  -Mdist/default/production/PIC.X.production.map -E1 -ver=XC8 \
  -ASTACK=0205Ah-023efh -pstack=STACK -ACODE=00h-07FFhx4 \
  -ASTRCODE=00h-01FFFh -ASTRING=00h-0FFhx32 -ACONST=00h-0FFhx32 \
  -AENTRY=00h-0FFhx32 -ACOMMON=070h-07Fh -ABANK0=020h-06Fh \
  -ABANK1=0A0h-0EFh -ABANK2=0120h-016Fh -ABANK3=01A0h-01EFh \
  -ABANK4=0220h-026Fh -ABANK5=02A0h-02EFh -ABANK6=0320h-036Fh \
  -ABANK7=03A0h-03EFh -ABANK8=0420h-046Fh -ABANK9=04A0h-04EFh \
  -ABANK10=0520h-056Fh -ABANK11=05A0h-05EFh -ABANK12=0620h-064Fh \
  -ABIGRAM=02000h-023EFh \
  -ARAM=020h-06Fh,0A0h-0EFh,0120h-016Fh,01A0h-01EFh,0220h-026Fh,02A0h-02EFh,0320h-036Fh,03A0h-03EFh,0420h-046Fh,04A0h-04EFh,0520h-056Fh,05A0h-05EFh,0620h-064Fh \
  -AABS1=020h-07Fh,0A0h-0EFh,0120h-016Fh,01A0h-01EFh,0220h-026Fh,02A0h-02EFh,0320h-036Fh,03A0h-03EFh,0420h-046Fh,04A0h-04EFh,0520h-056Fh,05A0h-05EFh,0620h-064Fh \
  -ASFR0=00h-01Fh -ASFR1=080h-09Fh -ASFR2=0100h-011Fh -ASFR3=0180h-019Fh \
  -ASFR4=0200h-021Fh -ASFR5=0280h-029Fh -ASFR6=0300h-031Fh \
  -ASFR7=0380h-039Fh -ASFR8=0400h-041Fh -ASFR9=0480h-049Fh \
  -ASFR10=0500h-051Fh -ASFR11=0580h-059Fh -ASFR12=0600h-061Fh \
  -ASFR13=0680h-06EFh -ASFR14=0700h-076Fh -ASFR15=0780h-07EFh \
  -ASFR16=0800h-086Fh -ASFR17=0880h-08EFh -ASFR18=0900h-096Fh \
  -ASFR19=0980h-09EFh -ASFR20=0A00h-0A6Fh -ASFR21=0A80h-0AEFh \
  -ASFR22=0B00h-0B6Fh -ASFR23=0B80h-0BEFh -ASFR24=0C00h-0C6Fh \
  -ASFR25=0C80h-0CEFh -ASFR26=0D00h-0D6Fh -ASFR27=0D80h-0DEFh \
  -ASFR28=0E00h-0E6Fh -ASFR29=0E80h-0EEFh -ASFR30=0F00h-0F6Fh \
  -ASFR31=0F80h-0FEFh -preset_vec=00h,intentry=04h,init,end_init \
  -ppowerup=CODE -pcinit=CODE -pfunctab=ENTRY -ACONFIG=08007h-08009h \
  -pconfig=CONFIG -DCONFIG=2 -AIDLOC=08000h-08003h -pidloc=IDLOC -DIDLOC=2 \
  -DCODE=2 -DSTRCODE=2 -DSTRING=2 -DCONST=2 -DENTRY=2 -k \
  C:\Users\xoxox\AppData\Local\Temp\siro.obj \
  dist/default/production\PIC.X.production.obj 

Object code version is 3.11

Machine type is 16F1619



                Name                               Link     Load   Length Selector   Space Scale
C:\Users\xoxox\AppData\Local\Temp\siro.obj
                end_init                             24       24        2        8       0
                reset_vec                             0        0        2        0       0
                config                             8007     8007        3    1000E       0
dist/default/production\PIC.X.production.obj
                cinit                                26       26       1B        8       0
                intentry                              4        4       20        8       0
                text77                              43D      43D       17      7E6       0
                text76                              5F1      5F1        3      7E6       0
                text75                              5F9      5F9        1      7E6       0
                text74                              5CC      5CC        4      7E6       0
                text73                              547      547        8      7E6       0
                text72                               41       41       B8        8       0
                text71                              2A9      2A9       36        8       0
                text70                              5EE      5EE        3      7E6       0
                text69                              5EB      5EB        3      7E6       0
                text68                              5E8      5E8        3      7E6       0
                text67                              40D      40D       19      7E6       0
                text66                              5E5      5E5        3      7E6       0
                text65                              5E2      5E2        3      7E6       0
                text64                              5DF      5DF        3      7E6       0
                text63                              4D0      4D0        E      7E6       0
                text62                              38C      38C       24        8       0
                text61                              502      502        C      7E6       0
                text60                              4C0      4C0       10      7E6       0
                text59                              4B0      4B0       10      7E6       0
                text58                              4A0      4A0       10      7E6       0
                text57                              490      490       10      7E6       0
                text56                              426      426       17      7E6       0
                text55                              5F6      5F6        2      7E6       0
                text54                              5F4      5F4        2      7E6       0
                text53                              5DC      5DC        3      7E6       0
                text52                              5C8      5C8        4      7E6       0
                text51                              5D9      5D9        3      7E6       0
                text50                              5C4      5C4        4      7E6       0
                text49                              597      597        5      7E6       0
                text48                              587      587        6      7E6       0
                text47                              5D6      5D6        3      7E6       0
                text46                              367      367       25        8       0
                text45                              592      592        5      7E6       0
                text44                              53F      53F        8      7E6       0
                text43                              556      556        7      7E6       0
                text42                              1B2      1B2       4B        8       0
                text41                              238      238       3A        8       0
                text40                              581      581        6      7E6       0
                text39                              5C0      5C0        4      7E6       0
                text38                              5BC      5BC        4      7E6       0
                text37                              5B8      5B8        4      7E6       0
                text36                              5B4      5B4        4      7E6       0
                text35                              5B0      5B0        4      7E6       0
                text34                              5AC      5AC        4      7E6       0
                text33                              5A8      5A8        4      7E6       0
                text32                              58D      58D        5      7E6       0
                text31                              3B0      3B0       23        8       0
                text30                              340      340       27        8       0
                text29                              5A4      5A4        4      7E6       0
                text28                              523      523        A      7E6       0
                text27                              3F3      3F3       1A      7E6       0
                text26                              5A0      5A0        4      7E6       0
                text25                              4F6      4F6        C      7E6       0
                text24                              272      272       37        8       0
                text23                              4EA      4EA        C      7E6       0
                text22                              311      311       2F        8       0
                text21                              454      454       16      7E6       0
                text20                              5F8      5F8        1      7E6       0
                text19                               F9       F9       64        8       0
                text18                              4DE      4DE        C      7E6       0
                text16                              57B      57B        6      7E6       0
                text15                              575      575        6      7E6       0
                text14                              56F      56F        6      7E6       0
                text13                              536      536        9      7E6       0
                text12                              2DF      2DF       32        8       0
                text11                              519      519        A      7E6       0
                text10                              54F      54F        7      7E6       0
                text9                               1FD      1FD       3B        8       0
                text8                               50E      50E        B      7E6       0
                text7                               52D      52D        9      7E6       0
                text6                               46A      46A       14      7E6       0
                text5                               47E      47E       12      7E6       0
                text4                               5D3      5D3        3      7E6       0
                text3                               5D0      5D0        3      7E6       0
                text2                               569      569        6      7E6       0
                text1                               563      563        6      7E6       0
                maintext                            15D      15D       55        8       0
                cstackBANK0                          57       57        C       20       1
                cstackCOMMON                         70       70        E       70       1
                cstackBANK1                          A6       A6        4       A0       1
                clrtext                             55D      55D        6      7E6       0
                dataBANK0                            67       67        4       20       1
                bssBANK0                             20       20       37       20       1
                nvBANK1                              A0       A0        6       A0       1
                nvBANK0                              63       63        4       20       1
                stringtext1                         3D3      3D3       20      7A6       0
                idataBANK0                          59C      59C        4      7E6       0

TOTAL           Name                               Link     Load   Length     Space
        CLASS   STACK          

        CLASS   CODE           
                end_init                             24       24        2         0
                cinit                                26       26       1B         0
                intentry                              4        4       20         0
                reset_vec                             0        0        2         0
                text77                              43D      43D       17         0
                text76                              5F1      5F1        3         0
                text75                              5F9      5F9        1         0
                text74                              5CC      5CC        4         0
                text73                              547      547        8         0
                text72                               41       41       B8         0
                text71                              2A9      2A9       36         0
                text70                              5EE      5EE        3         0
                text69                              5EB      5EB        3         0
                text68                              5E8      5E8        3         0
                text67                              40D      40D       19         0
                text66                              5E5      5E5        3         0
                text65                              5E2      5E2        3         0
                text64                              5DF      5DF        3         0
                text63                              4D0      4D0        E         0
                text62                              38C      38C       24         0
                text61                              502      502        C         0
                text60                              4C0      4C0       10         0
                text59                              4B0      4B0       10         0
                text58                              4A0      4A0       10         0
                text57                              490      490       10         0
                text56                              426      426       17         0
                text55                              5F6      5F6        2         0
                text54                              5F4      5F4        2         0
                text53                              5DC      5DC        3         0
                text52                              5C8      5C8        4         0
                text51                              5D9      5D9        3         0
                text50                              5C4      5C4        4         0
                text49                              597      597        5         0
                text48                              587      587        6         0
                text47                              5D6      5D6        3         0
                text46                              367      367       25         0
                text45                              592      592        5         0
                text44                              53F      53F        8         0
                text43                              556      556        7         0
                text42                              1B2      1B2       4B         0
                text41                              238      238       3A         0
                text40                              581      581        6         0
                text39                              5C0      5C0        4         0
                text38                              5BC      5BC        4         0
                text37                              5B8      5B8        4         0
                text36                              5B4      5B4        4         0
                text35                              5B0      5B0        4         0
                text34                              5AC      5AC        4         0
                text33                              5A8      5A8        4         0
                text32                              58D      58D        5         0
                text31                              3B0      3B0       23         0
                text30                              340      340       27         0
                text29                              5A4      5A4        4         0
                text28                              523      523        A         0
                text27                              3F3      3F3       1A         0
                text26                              5A0      5A0        4         0
                text25                              4F6      4F6        C         0
                text24                              272      272       37         0
                text23                              4EA      4EA        C         0
                text22                              311      311       2F         0
                text21                              454      454       16         0
                text20                              5F8      5F8        1         0
                text19                               F9       F9       64         0
                text18                              4DE      4DE        C         0
                text16                              57B      57B        6         0
                text15                              575      575        6         0
                text14                              56F      56F        6         0
                text13                              536      536        9         0
                text12                              2DF      2DF       32         0
                text11                              519      519        A         0
                text10                              54F      54F        7         0
                text9                               1FD      1FD       3B         0
                text8                               50E      50E        B         0
                text7                               52D      52D        9         0
                text6                               46A      46A       14         0
                text5                               47E      47E       12         0
                text4                               5D3      5D3        3         0
                text3                               5D0      5D0        3         0
                text2                               569      569        6         0
                text1                               563      563        6         0
                maintext                            15D      15D       55         0
                clrtext                             55D      55D        6         0
                idataBANK0                          59C      59C        4         0

        CLASS   STRCODE        
                stringtext1                         3D3      3D3       20         0

        CLASS   STRING         

        CLASS   CONST          

        CLASS   ENTRY          

        CLASS   COMMON         
                cstackCOMMON                         70       70        E         1

        CLASS   BANK0          
                cstackBANK0                          57       57        C         1
                dataBANK0                            67       67        4         1
                bssBANK0                             20       20       37         1
                nvBANK0                              63       63        4         1

        CLASS   BANK1          
                cstackBANK1                          A6       A6        4         1
                nvBANK1                              A0       A0        6         1

        CLASS   BANK2          

        CLASS   BANK3          

        CLASS   BANK4          

        CLASS   BANK5          

        CLASS   BANK6          

        CLASS   BANK7          

        CLASS   BANK8          

        CLASS   BANK9          

        CLASS   BANK10         

        CLASS   BANK11         

        CLASS   BANK12         

        CLASS   BIGRAM         

        CLASS   RAM            

        CLASS   ABS1           
                abs_s1                               7E       7E        2         1

        CLASS   SFR0           

        CLASS   SFR1           

        CLASS   SFR2           

        CLASS   SFR3           

        CLASS   SFR4           

        CLASS   SFR5           

        CLASS   SFR6           

        CLASS   SFR7           

        CLASS   SFR8           

        CLASS   SFR9           

        CLASS   SFR10          

        CLASS   SFR11          

        CLASS   SFR12          

        CLASS   SFR13          

        CLASS   SFR14          

        CLASS   SFR15          

        CLASS   SFR16          

        CLASS   SFR17          

        CLASS   SFR18          

        CLASS   SFR19          

        CLASS   SFR20          

        CLASS   SFR21          

        CLASS   SFR22          

        CLASS   SFR23          

        CLASS   SFR24          

        CLASS   SFR25          

        CLASS   SFR26          

        CLASS   SFR27          

        CLASS   SFR28          

        CLASS   SFR29          

        CLASS   SFR30          

        CLASS   SFR31          

        CLASS   CONFIG         
                config                             8007     8007        3         0

        CLASS   IDLOC          

        CLASS   BANK31         

        CLASS   BANK30         

        CLASS   BANK29         

        CLASS   BANK28         

        CLASS   BANK27         

        CLASS   BANK26         

        CLASS   BANK25         

        CLASS   BANK24         

        CLASS   BANK23         

        CLASS   BANK22         

        CLASS   BANK21         

        CLASS   BANK20         

        CLASS   BANK19         

        CLASS   BANK18         

        CLASS   BANK17         

        CLASS   BANK16         

        CLASS   BANK15         

        CLASS   BANK14         

        CLASS   BANK13         

        CLASS   EEDATA         



SEGMENTS        Name                           Load    Length   Top    Selector   Space  Class     Delta

                reset_vec                      000000  000002  000002         0       0  CODE        2
                intentry                       000004  0003CF  0003D3         8       0  CODE        2
                bssBANK0                       000020  00004B  00006B        20       1  BANK0       1
                cstackCOMMON                   000070  00000E  00007E        70       1  COMMON      1
                nvBANK1                        0000A0  00000A  0000AA        A0       1  BANK1       1
                stringtext1                    0003D3  000020  0003F3       7A6       0  STRCODE     2
                text27                         0003F3  000207  0005FA       7E6       0  CODE        2
                config                         008007  000003  00800A     1000E       0  CONFIG      2


UNUSED ADDRESS RANGES

        Name                Unused          Largest block    Delta
        BANK0            0006B-0006F               5           1
        BANK1            000AA-000EF              46           1
        BANK10           00520-0056F              50           1
        BANK11           005A0-005EF              50           1
        BANK12           00620-0064F              30           1
        BANK2            00120-0016F              50           1
        BANK3            001A0-001EF              50           1
        BANK4            00220-0026F              50           1
        BANK5            002A0-002EF              50           1
        BANK6            00320-0036F              50           1
        BANK7            003A0-003EF              50           1
        BANK8            00420-0046F              50           1
        BANK9            004A0-004EF              50           1
        BIGRAM           02000-023EF             3F0           1
        CODE             00002-00003               2           2
                         005FA-01FFF             800
        CONST            00002-00003               2           2
                         005FA-01FFF             100
        ENTRY            00002-00003               2           2
                         005FA-01FFF             100
        IDLOC            08000-08003               4           2
        RAM              0006B-0006F               5           1
                         000AA-000EF              46
                         00120-0016F              50
                         001A0-001EF              50
                         00220-0026F              50
                         002A0-002EF              50
                         00320-0036F              50
                         003A0-003EF              50
                         00420-0046F              50
                         004A0-004EF              50
                         00520-0056F              50
                         005A0-005EF              50
                         00620-0064F              30
        SFR0             00000-0001F              20           1
        SFR1             00080-0009F              20           1
        SFR10            00500-0051F              20           1
        SFR11            00580-0059F              20           1
        SFR12            00600-0061F              20           1
        SFR13            00680-006EF              70           1
        SFR14            00700-0076F              70           1
        SFR15            00780-007EF              70           1
        SFR16            00800-0086F              70           1
        SFR17            00880-008EF              70           1
        SFR18            00900-0096F              70           1
        SFR19            00980-009EF              70           1
        SFR2             00100-0011F              20           1
        SFR20            00A00-00A6F              70           1
        SFR21            00A80-00AEF              70           1
        SFR22            00B00-00B6F              70           1
        SFR23            00B80-00BEF              70           1
        SFR24            00C00-00C6F              70           1
        SFR25            00C80-00CEF              70           1
        SFR26            00D00-00D6F              70           1
        SFR27            00D80-00DEF              70           1
        SFR28            00E00-00E6F              70           1
        SFR29            00E80-00EEF              70           1
        SFR3             00180-0019F              20           1
        SFR30            00F00-00F6F              70           1
        SFR31            00F80-00FEF              70           1
        SFR4             00200-0021F              20           1
        SFR5             00280-0029F              20           1
        SFR6             00300-0031F              20           1
        SFR7             00380-0039F              20           1
        SFR8             00400-0041F              20           1
        SFR9             00480-0049F              20           1
        STACK            0205A-023EF             396           1
        STRCODE          00002-00003               2           2
                         005FA-01FFF            1A06
        STRING           00002-00003               2           2
                         005FA-01FFF             100

                                  Symbol Table

EUSART_SetErrorHandler@interruptHandler        cstackBANK1  000A6
EUSART_SetFramingErrorHandler@interruptHandler cstackBANK1  000A6
EUSART_SetOverrunErrorHandler@interruptHandler cstackBANK1  000A6
EUSART_SetRxInterruptHandler@interruptHandler  cstackBANK1  000A6
EUSART_Write@txData                            cstackCOMMON 00070
I2C_CallbackReturnReset@funPtr                 cstackCOMMON 00079
I2C_Close@returnValue                          cstackCOMMON 00071
I2C_MasterOperation@read                       cstackBANK0  0005A
I2C_MasterOperation@returnValue                cstackBANK0  0005B
I2C_MasterSendTxData@data                      cstackCOMMON 00070
I2C_Open@address                               cstackCOMMON 00071
I2C_Open@returnValue                           cstackCOMMON 00072
I2C_SetAddressNackCallback@cb                  cstackCOMMON 00075
I2C_SetAddressNackCallback@ptr                 cstackCOMMON 00077
I2C_SetBuffer@buffer                           cstackCOMMON 00073
I2C_SetBuffer@bufferSize                       cstackCOMMON 00070
I2C_SetCallback@cb                             cstackCOMMON 00070
I2C_SetCallback@idx                            cstackCOMMON 00074
I2C_SetCallback@ptr                            cstackCOMMON 00072
I2C_SetDataCompleteCallback@cb                 cstackCOMMON 00075
I2C_SetDataCompleteCallback@ptr                cstackCOMMON 00077
I2C_Write1ByteRegister@address                 cstackBANK0  0005F
I2C_Write1ByteRegister@data                    cstackBANK0  0005D
I2C_Write1ByteRegister@reg                     cstackBANK0  0005C
MyUART_ISR@c                                   cstackCOMMON 00075
PWM3_LoadDutyValue@dutyValue                   cstackCOMMON 00070
TMR2_Counter8BitSet@timerVal                   cstackBANK1  000A6
TMR2_SetInterruptHandler@InterruptHandler      cstackBANK1  000A6
TMR2_WriteTimer@timerVal                       cstackBANK1  000A7
_ANSELA                                        (abs)        0018C
_ANSELB                                        (abs)        0018D
_ANSELC                                        (abs)        0018E
_Angle                                         dataBANK0    00067
_BAUD1CON                                      (abs)        0019F
_BORCON                                        (abs)        00116
_CCPTMRSbits                                   (abs)        0029E
_Data                                          bssBANK0     00052
_EUSART_DefaultErrorHandler                    text76       005F1
_EUSART_DefaultFramingErrorHandler             text75       005F9
_EUSART_DefaultOverrunErrorHandler             text74       005CC
_EUSART_ErrorHandler                           nvBANK1      000A0
_EUSART_FramingErrorHandler                    nvBANK1      000A4
_EUSART_Initialize                             text12       002DF
_EUSART_OverrunErrorHandler                    nvBANK1      000A2
_EUSART_Receive_ISR                            text71       002A9
_EUSART_RxDataHandler                          text77       0043D
_EUSART_RxDefaultInterruptHandler              nvBANK0      00065
_EUSART_SetErrorHandler                        text16       0057B
_EUSART_SetFramingErrorHandler                 text15       00575
_EUSART_SetOverrunErrorHandler                 text14       0056F
_EUSART_SetRxInterruptHandler                  text13       00536
_EUSART_Write                                  text73       00547
_I2C_CallbackReturnReset                       text54       005F4
_I2C_CallbackReturnStop                        text55       005F6
_I2C_Close                                     text67       0040D
_I2C_DO_ADDRESS_NACK                           text31       003B0
_I2C_DO_IDLE                                   text45       00592
_I2C_DO_RCEN                                   text40       00581
_I2C_DO_RESET                                  text32       0058D
_I2C_DO_RX                                     text41       00238
_I2C_DO_RX_ACK                                 text35       005B0
_I2C_DO_RX_NACK_RESTART                        text33       005A8
_I2C_DO_RX_NACK_STOP                           text34       005AC
_I2C_DO_SEND_ADR_READ                          text44       0053F
_I2C_DO_SEND_ADR_WRITE                         text43       00556
_I2C_DO_SEND_RESTART                           text37       005B8
_I2C_DO_SEND_RESTART_READ                      text39       005C0
_I2C_DO_SEND_RESTART_WRITE                     text38       005BC
_I2C_DO_SEND_STOP                              text36       005B4
_I2C_DO_TX                                     text42       001B2
_I2C_DO_TX$794                                 cstackCOMMON 0007B
_I2C_DO_TX_EMPTY                               text46       00367
_I2C_Initialize                                text11       00519
_I2C_MasterClearIrq                            text70       005EE
_I2C_MasterClose                               text69       005EB
_I2C_MasterDisableIrq                          text68       005E8
_I2C_MasterEnableRestart                       text65       005E2
_I2C_MasterFsm                                 text30       00340
_I2C_MasterGetRxData                           text51       005D9
_I2C_MasterIsNack                              text48       00587
_I2C_MasterOpen                                text25       004F6
_I2C_MasterOperation                           text27       003F3
_I2C_MasterSendAck                             text50       005C4
_I2C_MasterSendNack                            text52       005C8
_I2C_MasterSendTxData                          text49       00597
_I2C_MasterSetIrq                              text47       005D6
_I2C_MasterStart                               text66       005E5
_I2C_MasterStartRx                             text53       005DC
_I2C_MasterStop                                text64       005DF
_I2C_MasterWaitForEvent                        text29       005A4
_I2C_MasterWrite                               text26       005A0
_I2C_Open                                      text24       00272
_I2C_Poller                                    text28       00523
_I2C_SetAddressNackCallback                    text23       004EA
_I2C_SetBuffer                                 text63       004D0
_I2C_SetCallback                               text62       0038C
_I2C_SetDataCompleteCallback                   text61       00502
_I2C_Status                                    bssBANK0     00020
_I2C_Write1ByteRegister                        text22       00311
_INLVLA                                        (abs)        0038C
_INLVLB                                        (abs)        0038D
_INLVLC                                        (abs)        0038E
_INTCONbits                                    (abs)        0000B
_INTERRUPT_InterruptManager                    intentry     00004
_LATA                                          (abs)        0010C
_LATAbits                                      (abs)        0010C
_LATB                                          (abs)        0010D
_LATC                                          (abs)        0010E
_LATCbits                                      (abs)        0010E
_MyTimer2ISR                                   text19       000F9
_MyUART_ISR                                    text72       00041
_ODCONA                                        (abs)        0028C
_ODCONB                                        (abs)        0028D
_ODCONC                                        (abs)        0028E
_OPTION_REGbits                                (abs)        00095
_OSCCON                                        (abs)        00099
_OSCILLATOR_Initialize                         text10       0054F
_OSCTUNE                                       (abs)        00098
_PIE1bits                                      (abs)        00090
_PIN_MANAGER_Initialize                        text9        001FD
_PIR1bits                                      (abs)        00010
_PIR2bits                                      (abs)        00011
_PORTAbits                                     (abs)        0000C
_PR2                                           (abs)        0001B
_PWM3CON                                       (abs)        00619
_PWM3DCH                                       (abs)        00618
_PWM3DCL                                       (abs)        00617
_PWM3_Initialize                               text8        0050E
_PWM3_LoadDutyValue                            text21       00454
_PosUart                                       bssBANK0     00050
_RA2PPS                                        (abs)        00E92
_RB4PPS                                        (abs)        00E9C
_RB6PPS                                        (abs)        00E9E
_RB7PPS                                        (abs)        00E9F
_RC1REG                                        (abs)        00199
_RC1STA                                        (abs)        0019D
_RC1STAbits                                    (abs)        0019D
_RXPPS                                         (abs)        00E24
_SLRCONA                                       (abs)        0030C
_SLRCONB                                       (abs)        0030D
_SLRCONC                                       (abs)        0030E
_SPBRGH                                        (abs)        0019C
_SPBRGL                                        (abs)        0019B
_SSP1ADD                                       (abs)        00212
_SSP1BUF                                       (abs)        00211
_SSP1CON1                                      (abs)        00215
_SSP1CON1bits                                  (abs)        00215
_SSP1CON2                                      (abs)        00216
_SSP1CON2bits                                  (abs)        00216
_SSP1STAT                                      (abs)        00214
_SSP1STATbits                                  (abs)        00214
_SSPCLKPPS                                     (abs)        00E20
_SSPDATPPS                                     (abs)        00E21
_SYSTEM_Initialize                             text5        0047E
_StateBat                                      dataBANK0    00069
_StateLeds                                     bssBANK0     0004F
_T2CLKCON                                      (abs)        0001E
_T2CON                                         (abs)        0001C
_T2CONbits                                     (abs)        0001C
_T2HLT                                         (abs)        0001D
_T2HLTbits                                     (abs)        0001D
_T2PR                                          (abs)        0001B
_T2RST                                         (abs)        0001F
_T2RSTbits                                     (abs)        0001F
_T2TMR                                         (abs)        0001A
_TMR2                                          (abs)        0001A
_TMR2_Counter8BitSet                           text2        00569
_TMR2_DefaultInterruptHandler                  text20       005F8
_TMR2_ISR                                      text18       004DE
_TMR2_Initialize                               text6        0046A
_TMR2_InterruptHandler                         nvBANK0      00063
_TMR2_SetInterruptHandler                      text7        0052D
_TMR2_Start                                    text4        005D3
_TMR2_StartTimer                               text3        005D0
_TMR2_WriteTimer                               text1        00563
_TRISA                                         (abs)        0008C
_TRISB                                         (abs)        0008D
_TRISC                                         (abs)        0008E
_TX1REG                                        (abs)        0019A
_TX1STA                                        (abs)        0019E
_TX1STAbits                                    (abs)        0019E
_Type                                          bssBANK0     00051
_Validation                                    dataBANK0    0006A
_Vitesse                                       bssBANK0     0004D
_WPUA                                          (abs)        0020C
_WPUB                                          (abs)        0020D
_WPUC                                          (abs)        0020E
__CFG_BOREN$ON                                 (abs)        00000
__CFG_BORV$LO                                  (abs)        00000
__CFG_CLKOUTEN$OFF                             (abs)        00000
__CFG_CP$OFF                                   (abs)        00000
__CFG_FCMEN$ON                                 (abs)        00000
__CFG_FOSC$INTOSC                              (abs)        00000
__CFG_IESO$ON                                  (abs)        00000
__CFG_LPBOR$OFF                                (abs)        00000
__CFG_LVP$ON                                   (abs)        00000
__CFG_MCLRE$ON                                 (abs)        00000
__CFG_PLLEN$ON                                 (abs)        00000
__CFG_PPS1WAY$ON                               (abs)        00000
__CFG_PWRTE$OFF                                (abs)        00000
__CFG_STVREN$ON                                (abs)        00000
__CFG_WDTCCS$SWC                               (abs)        00000
__CFG_WDTCPS$WDTCPS1F                          (abs)        00000
__CFG_WDTCWS$WDTCWSSW                          (abs)        00000
__CFG_WDTE$OFF                                 (abs)        00000
__CFG_WRT$OFF                                  (abs)        00000
__CFG_ZCD$OFF                                  (abs)        00000
__Habs1                                        abs1         00000
__Hbank0                                       bank0        00000
__Hbank1                                       bank1        00000
__Hbank10                                      bank10       00000
__Hbank11                                      bank11       00000
__Hbank12                                      bank12       00000
__Hbank13                                      bank13       00000
__Hbank14                                      bank14       00000
__Hbank15                                      bank15       00000
__Hbank16                                      bank16       00000
__Hbank17                                      bank17       00000
__Hbank18                                      bank18       00000
__Hbank19                                      bank19       00000
__Hbank2                                       bank2        00000
__Hbank20                                      bank20       00000
__Hbank21                                      bank21       00000
__Hbank22                                      bank22       00000
__Hbank23                                      bank23       00000
__Hbank24                                      bank24       00000
__Hbank25                                      bank25       00000
__Hbank26                                      bank26       00000
__Hbank27                                      bank27       00000
__Hbank28                                      bank28       00000
__Hbank29                                      bank29       00000
__Hbank3                                       bank3        00000
__Hbank30                                      bank30       00000
__Hbank31                                      bank31       00000
__Hbank4                                       bank4        00000
__Hbank5                                       bank5        00000
__Hbank6                                       bank6        00000
__Hbank7                                       bank7        00000
__Hbank8                                       bank8        00000
__Hbank9                                       bank9        00000
__Hbigram                                      bigram       00000
__HbssBANK0                                    bssBANK0     00000
__Hcinit                                       cinit        00041
__Hclrtext                                     clrtext      00000
__Hcode                                        code         00000
__Hcommon                                      common       00000
__Hconfig                                      config       0800A
__HcstackBANK0                                 cstackBANK0  00000
__HcstackBANK1                                 cstackBANK1  00000
__HcstackCOMMON                                cstackCOMMON 00000
__HdataBANK0                                   dataBANK0    00000
__Heeprom_data                                 eeprom_data  00000
__Hend_init                                    end_init     00026
__Hfunctab                                     functab      00000
__HidataBANK0                                  idataBANK0   00000
__Hidloc                                       idloc        00000
__Hinit                                        init         00024
__Hintentry                                    intentry     00024
__Hmaintext                                    maintext     00000
__HnvBANK0                                     nvBANK0      00000
__HnvBANK1                                     nvBANK1      00000
__Hpowerup                                     powerup      00000
__Hram                                         ram          00000
__Hreset_vec                                   reset_vec    00002
__Hsfr0                                        sfr0         00000
__Hsfr1                                        sfr1         00000
__Hsfr10                                       sfr10        00000
__Hsfr11                                       sfr11        00000
__Hsfr12                                       sfr12        00000
__Hsfr13                                       sfr13        00000
__Hsfr14                                       sfr14        00000
__Hsfr15                                       sfr15        00000
__Hsfr16                                       sfr16        00000
__Hsfr17                                       sfr17        00000
__Hsfr18                                       sfr18        00000
__Hsfr19                                       sfr19        00000
__Hsfr2                                        sfr2         00000
__Hsfr20                                       sfr20        00000
__Hsfr21                                       sfr21        00000
__Hsfr22                                       sfr22        00000
__Hsfr23                                       sfr23        00000
__Hsfr24                                       sfr24        00000
__Hsfr25                                       sfr25        00000
__Hsfr26                                       sfr26        00000
__Hsfr27                                       sfr27        00000
__Hsfr28                                       sfr28        00000
__Hsfr29                                       sfr29        00000
__Hsfr3                                        sfr3         00000
__Hsfr30                                       sfr30        00000
__Hsfr31                                       sfr31        00000
__Hsfr4                                        sfr4         00000
__Hsfr5                                        sfr5         00000
__Hsfr6                                        sfr6         00000
__Hsfr7                                        sfr7         00000
__Hsfr8                                        sfr8         00000
__Hsfr9                                        sfr9         00000
__Hspace_0                                     (abs)        0800A
__Hspace_1                                     (abs)        000AA
__Hspace_2                                     (abs)        00000
__Hspace_3                                     (abs)        00000
__Hstack                                       stack        00000
__Hstrings                                     strings      00000
__Hstringtext1                                 stringtext1  00000
__Htext                                        text         00000
__Labs1                                        abs1         00000
__Lbank0                                       bank0        00000
__Lbank1                                       bank1        00000
__Lbank10                                      bank10       00000
__Lbank11                                      bank11       00000
__Lbank12                                      bank12       00000
__Lbank13                                      bank13       00000
__Lbank14                                      bank14       00000
__Lbank15                                      bank15       00000
__Lbank16                                      bank16       00000
__Lbank17                                      bank17       00000
__Lbank18                                      bank18       00000
__Lbank19                                      bank19       00000
__Lbank2                                       bank2        00000
__Lbank20                                      bank20       00000
__Lbank21                                      bank21       00000
__Lbank22                                      bank22       00000
__Lbank23                                      bank23       00000
__Lbank24                                      bank24       00000
__Lbank25                                      bank25       00000
__Lbank26                                      bank26       00000
__Lbank27                                      bank27       00000
__Lbank28                                      bank28       00000
__Lbank29                                      bank29       00000
__Lbank3                                       bank3        00000
__Lbank30                                      bank30       00000
__Lbank31                                      bank31       00000
__Lbank4                                       bank4        00000
__Lbank5                                       bank5        00000
__Lbank6                                       bank6        00000
__Lbank7                                       bank7        00000
__Lbank8                                       bank8        00000
__Lbank9                                       bank9        00000
__Lbigram                                      bigram       00000
__LbssBANK0                                    bssBANK0     00000
__Lcinit                                       cinit        00026
__Lclrtext                                     clrtext      00000
__Lcode                                        code         00000
__Lcommon                                      common       00000
__Lconfig                                      config       08007
__LcstackBANK0                                 cstackBANK0  00000
__LcstackBANK1                                 cstackBANK1  00000
__LcstackCOMMON                                cstackCOMMON 00000
__LdataBANK0                                   dataBANK0    00000
__Leeprom_data                                 eeprom_data  00000
__Lend_init                                    end_init     00024
__Lfunctab                                     functab      00000
__LidataBANK0                                  idataBANK0   00000
__Lidloc                                       idloc        00000
__Linit                                        init         00024
__Lintentry                                    intentry     00004
__Lmaintext                                    maintext     00000
__LnvBANK0                                     nvBANK0      00000
__LnvBANK1                                     nvBANK1      00000
__Lpowerup                                     powerup      00000
__Lram                                         ram          00000
__Lreset_vec                                   reset_vec    00000
__Lsfr0                                        sfr0         00000
__Lsfr1                                        sfr1         00000
__Lsfr10                                       sfr10        00000
__Lsfr11                                       sfr11        00000
__Lsfr12                                       sfr12        00000
__Lsfr13                                       sfr13        00000
__Lsfr14                                       sfr14        00000
__Lsfr15                                       sfr15        00000
__Lsfr16                                       sfr16        00000
__Lsfr17                                       sfr17        00000
__Lsfr18                                       sfr18        00000
__Lsfr19                                       sfr19        00000
__Lsfr2                                        sfr2         00000
__Lsfr20                                       sfr20        00000
__Lsfr21                                       sfr21        00000
__Lsfr22                                       sfr22        00000
__Lsfr23                                       sfr23        00000
__Lsfr24                                       sfr24        00000
__Lsfr25                                       sfr25        00000
__Lsfr26                                       sfr26        00000
__Lsfr27                                       sfr27        00000
__Lsfr28                                       sfr28        00000
__Lsfr29                                       sfr29        00000
__Lsfr3                                        sfr3         00000
__Lsfr30                                       sfr30        00000
__Lsfr31                                       sfr31        00000
__Lsfr4                                        sfr4         00000
__Lsfr5                                        sfr5         00000
__Lsfr6                                        sfr6         00000
__Lsfr7                                        sfr7         00000
__Lsfr8                                        sfr8         00000
__Lsfr9                                        sfr9         00000
__Lspace_0                                     (abs)        00000
__Lspace_1                                     (abs)        00000
__Lspace_2                                     (abs)        00000
__Lspace_3                                     (abs)        00000
__Lstack                                       stack        00000
__Lstrings                                     strings      00000
__Lstringtext1                                 stringtext1  00000
__Ltext                                        text         00000
__S0                                           (abs)        0800A
__S1                                           (abs)        000AA
__S2                                           (abs)        00000
___int_sp                                      stack        00000
___latbits                                     (abs)        00002
___sp                                          stack        00000
__end_of_EUSART_DefaultErrorHandler            text76       005F4
__end_of_EUSART_DefaultFramingErrorHandler     text75       005FA
__end_of_EUSART_DefaultOverrunErrorHandler     text74       005D0
__end_of_EUSART_Initialize                     text12       00311
__end_of_EUSART_Receive_ISR                    text71       002DF
__end_of_EUSART_RxDataHandler                  text77       00454
__end_of_EUSART_SetErrorHandler                text16       00581
__end_of_EUSART_SetFramingErrorHandler         text15       0057B
__end_of_EUSART_SetOverrunErrorHandler         text14       00575
__end_of_EUSART_SetRxInterruptHandler          text13       0053F
__end_of_EUSART_Write                          text73       0054F
__end_of_I2C_CallbackReturnReset               text54       005F6
__end_of_I2C_CallbackReturnStop                text55       005F8
__end_of_I2C_Close                             text67       00426
__end_of_I2C_DO_ADDRESS_NACK                   text31       003D3
__end_of_I2C_DO_IDLE                           text45       00597
__end_of_I2C_DO_RCEN                           text40       00587
__end_of_I2C_DO_RESET                          text32       00592
__end_of_I2C_DO_RX                             text41       00272
__end_of_I2C_DO_RX_ACK                         text35       005B4
__end_of_I2C_DO_RX_NACK_RESTART                text33       005AC
__end_of_I2C_DO_RX_NACK_STOP                   text34       005B0
__end_of_I2C_DO_SEND_ADR_READ                  text44       00547
__end_of_I2C_DO_SEND_ADR_WRITE                 text43       0055D
__end_of_I2C_DO_SEND_RESTART                   text37       005BC
__end_of_I2C_DO_SEND_RESTART_READ              text39       005C4
__end_of_I2C_DO_SEND_RESTART_WRITE             text38       005C0
__end_of_I2C_DO_SEND_STOP                      text36       005B8
__end_of_I2C_DO_TX                             text42       001FD
__end_of_I2C_DO_TX_EMPTY                       text46       0038C
__end_of_I2C_Initialize                        text11       00523
__end_of_I2C_MasterClearIrq                    text70       005F1
__end_of_I2C_MasterClose                       text69       005EE
__end_of_I2C_MasterDisableIrq                  text68       005EB
__end_of_I2C_MasterEnableRestart               text65       005E5
__end_of_I2C_MasterFsm                         text30       00367
__end_of_I2C_MasterGetRxData                   text51       005DC
__end_of_I2C_MasterIsNack                      text48       0058D
__end_of_I2C_MasterOpen                        text25       00502
__end_of_I2C_MasterOperation                   text27       0040D
__end_of_I2C_MasterSendAck                     text50       005C8
__end_of_I2C_MasterSendNack                    text52       005CC
__end_of_I2C_MasterSendTxData                  text49       0059C
__end_of_I2C_MasterSetIrq                      text47       005D9
__end_of_I2C_MasterStart                       text66       005E8
__end_of_I2C_MasterStartRx                     text53       005DF
__end_of_I2C_MasterStop                        text64       005E2
__end_of_I2C_MasterWaitForEvent                text29       005A8
__end_of_I2C_MasterWrite                       text26       005A4
__end_of_I2C_Open                              text24       002A9
__end_of_I2C_Poller                            text28       0052D
__end_of_I2C_SetAddressNackCallback            text23       004F6
__end_of_I2C_SetBuffer                         text63       004DE
__end_of_I2C_SetCallback                       text62       003B0
__end_of_I2C_SetDataCompleteCallback           text61       0050E
__end_of_I2C_Write1ByteRegister                text22       00340
__end_of_INTERRUPT_InterruptManager            intentry     00024
__end_of_MyTimer2ISR                           text19       0015D
__end_of_MyUART_ISR                            text72       000F9
__end_of_OSCILLATOR_Initialize                 text10       00556
__end_of_PIN_MANAGER_Initialize                text9        00238
__end_of_PWM3_Initialize                       text8        00519
__end_of_PWM3_LoadDutyValue                    text21       0046A
__end_of_SYSTEM_Initialize                     text5        00490
__end_of_TMR2_Counter8BitSet                   text2        0056F
__end_of_TMR2_DefaultInterruptHandler          text20       005F9
__end_of_TMR2_ISR                              text18       004EA
__end_of_TMR2_Initialize                       text6        0047E
__end_of_TMR2_SetInterruptHandler              text7        00536
__end_of_TMR2_Start                            text4        005D6
__end_of_TMR2_StartTimer                       text3        005D3
__end_of_TMR2_WriteTimer                       text1        00569
__end_of__initialization                       cinit        0003D
__end_of_fsmStateTable                         stringtext1  003F3
__end_of_main                                  maintext     001B2
__end_of_rd1RegCompleteHandler                 text59       004C0
__end_of_rd2RegCompleteHandler                 text58       004B0
__end_of_rdBlkRegCompleteHandler               text56       0043D
__end_of_wr1RegCompleteHandler                 text57       004A0
__end_of_wr2RegCompleteHandler                 text60       004D0
__initialization                               cinit        00026
__pbssBANK0                                    bssBANK0     00020
__pcstackBANK0                                 cstackBANK0  00057
__pcstackBANK1                                 cstackBANK1  000A6
__pcstackCOMMON                                cstackCOMMON 00070
__pdataBANK0                                   dataBANK0    00067
__pidataBANK0                                  idataBANK0   0059C
__pintentry                                    intentry     00004
__pmaintext                                    maintext     0015D
__pnvBANK0                                     nvBANK0      00063
__pnvBANK1                                     nvBANK1      000A0
__pstringtext1                                 stringtext1  003D3
__ptext1                                       text1        00563
__ptext10                                      text10       0054F
__ptext11                                      text11       00519
__ptext12                                      text12       002DF
__ptext13                                      text13       00536
__ptext14                                      text14       0056F
__ptext15                                      text15       00575
__ptext16                                      text16       0057B
__ptext18                                      text18       004DE
__ptext19                                      text19       000F9
__ptext2                                       text2        00569
__ptext20                                      text20       005F8
__ptext21                                      text21       00454
__ptext22                                      text22       00311
__ptext23                                      text23       004EA
__ptext24                                      text24       00272
__ptext25                                      text25       004F6
__ptext26                                      text26       005A0
__ptext27                                      text27       003F3
__ptext28                                      text28       00523
__ptext29                                      text29       005A4
__ptext3                                       text3        005D0
__ptext30                                      text30       00340
__ptext31                                      text31       003B0
__ptext32                                      text32       0058D
__ptext33                                      text33       005A8
__ptext34                                      text34       005AC
__ptext35                                      text35       005B0
__ptext36                                      text36       005B4
__ptext37                                      text37       005B8
__ptext38                                      text38       005BC
__ptext39                                      text39       005C0
__ptext4                                       text4        005D3
__ptext40                                      text40       00581
__ptext41                                      text41       00238
__ptext42                                      text42       001B2
__ptext43                                      text43       00556
__ptext44                                      text44       0053F
__ptext45                                      text45       00592
__ptext46                                      text46       00367
__ptext47                                      text47       005D6
__ptext48                                      text48       00587
__ptext49                                      text49       00597
__ptext5                                       text5        0047E
__ptext50                                      text50       005C4
__ptext51                                      text51       005D9
__ptext52                                      text52       005C8
__ptext53                                      text53       005DC
__ptext54                                      text54       005F4
__ptext55                                      text55       005F6
__ptext56                                      text56       00426
__ptext57                                      text57       00490
__ptext58                                      text58       004A0
__ptext59                                      text59       004B0
__ptext6                                       text6        0046A
__ptext60                                      text60       004C0
__ptext61                                      text61       00502
__ptext62                                      text62       0038C
__ptext63                                      text63       004D0
__ptext64                                      text64       005DF
__ptext65                                      text65       005E2
__ptext66                                      text66       005E5
__ptext67                                      text67       0040D
__ptext68                                      text68       005E8
__ptext69                                      text69       005EB
__ptext7                                       text7        0052D
__ptext70                                      text70       005EE
__ptext71                                      text71       002A9
__ptext72                                      text72       00041
__ptext73                                      text73       00547
__ptext74                                      text74       005CC
__ptext75                                      text75       005F9
__ptext76                                      text76       005F1
__ptext77                                      text77       0043D
__ptext8                                       text8        0050E
__ptext9                                       text9        001FD
__size_of_EUSART_DefaultErrorHandler           (abs)        00000
__size_of_EUSART_DefaultFramingErrorHandler    (abs)        00000
__size_of_EUSART_DefaultOverrunErrorHandler    (abs)        00000
__size_of_EUSART_Initialize                    (abs)        00000
__size_of_EUSART_Receive_ISR                   (abs)        00000
__size_of_EUSART_RxDataHandler                 (abs)        00000
__size_of_EUSART_SetErrorHandler               (abs)        00000
__size_of_EUSART_SetFramingErrorHandler        (abs)        00000
__size_of_EUSART_SetOverrunErrorHandler        (abs)        00000
__size_of_EUSART_SetRxInterruptHandler         (abs)        00000
__size_of_EUSART_Write                         (abs)        00000
__size_of_I2C_CallbackReturnReset              (abs)        00000
__size_of_I2C_CallbackReturnStop               (abs)        00000
__size_of_I2C_Close                            (abs)        00000
__size_of_I2C_DO_ADDRESS_NACK                  (abs)        00000
__size_of_I2C_DO_IDLE                          (abs)        00000
__size_of_I2C_DO_RCEN                          (abs)        00000
__size_of_I2C_DO_RESET                         (abs)        00000
__size_of_I2C_DO_RX                            (abs)        00000
__size_of_I2C_DO_RX_ACK                        (abs)        00000
__size_of_I2C_DO_RX_NACK_RESTART               (abs)        00000
__size_of_I2C_DO_RX_NACK_STOP                  (abs)        00000
__size_of_I2C_DO_SEND_ADR_READ                 (abs)        00000
__size_of_I2C_DO_SEND_ADR_WRITE                (abs)        00000
__size_of_I2C_DO_SEND_RESTART                  (abs)        00000
__size_of_I2C_DO_SEND_RESTART_READ             (abs)        00000
__size_of_I2C_DO_SEND_RESTART_WRITE            (abs)        00000
__size_of_I2C_DO_SEND_STOP                     (abs)        00000
__size_of_I2C_DO_TX                            (abs)        00000
__size_of_I2C_DO_TX_EMPTY                      (abs)        00000
__size_of_I2C_Initialize                       (abs)        00000
__size_of_I2C_MasterClearIrq                   (abs)        00000
__size_of_I2C_MasterClose                      (abs)        00000
__size_of_I2C_MasterDisableIrq                 (abs)        00000
__size_of_I2C_MasterEnableRestart              (abs)        00000
__size_of_I2C_MasterFsm                        (abs)        00000
__size_of_I2C_MasterGetRxData                  (abs)        00000
__size_of_I2C_MasterIsNack                     (abs)        00000
__size_of_I2C_MasterOpen                       (abs)        00000
__size_of_I2C_MasterOperation                  (abs)        00000
__size_of_I2C_MasterSendAck                    (abs)        00000
__size_of_I2C_MasterSendNack                   (abs)        00000
__size_of_I2C_MasterSendTxData                 (abs)        00000
__size_of_I2C_MasterSetIrq                     (abs)        00000
__size_of_I2C_MasterStart                      (abs)        00000
__size_of_I2C_MasterStartRx                    (abs)        00000
__size_of_I2C_MasterStop                       (abs)        00000
__size_of_I2C_MasterWaitForEvent               (abs)        00000
__size_of_I2C_MasterWrite                      (abs)        00000
__size_of_I2C_Open                             (abs)        00000
__size_of_I2C_Poller                           (abs)        00000
__size_of_I2C_SetAddressNackCallback           (abs)        00000
__size_of_I2C_SetBuffer                        (abs)        00000
__size_of_I2C_SetCallback                      (abs)        00000
__size_of_I2C_SetDataCompleteCallback          (abs)        00000
__size_of_I2C_Write1ByteRegister               (abs)        00000
__size_of_INTERRUPT_InterruptManager           (abs)        00000
__size_of_MyTimer2ISR                          (abs)        00000
__size_of_MyUART_ISR                           (abs)        00000
__size_of_OSCILLATOR_Initialize                (abs)        00000
__size_of_PIN_MANAGER_Initialize               (abs)        00000
__size_of_PWM3_Initialize                      (abs)        00000
__size_of_PWM3_LoadDutyValue                   (abs)        00000
__size_of_SYSTEM_Initialize                    (abs)        00000
__size_of_TMR2_Counter8BitSet                  (abs)        00000
__size_of_TMR2_DefaultInterruptHandler         (abs)        00000
__size_of_TMR2_ISR                             (abs)        00000
__size_of_TMR2_Initialize                      (abs)        00000
__size_of_TMR2_SetInterruptHandler             (abs)        00000
__size_of_TMR2_Start                           (abs)        00000
__size_of_TMR2_StartTimer                      (abs)        00000
__size_of_TMR2_WriteTimer                      (abs)        00000
__size_of_main                                 (abs)        00000
__size_of_rd1RegCompleteHandler                (abs)        00000
__size_of_rd2RegCompleteHandler                (abs)        00000
__size_of_rdBlkRegCompleteHandler              (abs)        00000
__size_of_wr1RegCompleteHandler                (abs)        00000
__size_of_wr2RegCompleteHandler                (abs)        00000
_eusartRxBuffer                                bssBANK0     00045
_eusartRxCount                                 bssBANK0     00054
_eusartRxHead                                  bssBANK0     00056
_eusartRxLastError                             bssBANK0     00053
_eusartRxStatusBuffer                          bssBANK0     0003D
_eusartRxTail                                  bssBANK0     00055
_fsmStateTable                                 stringtext1  003D3
_main                                          maintext     0015D
_rd1RegCompleteHandler                         text59       004B0
_rd2RegCompleteHandler                         text58       004A0
_rdBlkRegCompleteHandler                       text56       00426
_wr1RegCompleteHandler                         text57       00490
_wr2RegCompleteHandler                         text60       004C0
btemp                                          (abs)        0007E
clear_ram0                                     clrtext      0055D
end_of_initialization                          cinit        0003D
int$flags                                      (abs)        0007E
intlevel0                                      functab      00000
intlevel1                                      functab      00000
intlevel2                                      functab      00000
intlevel3                                      functab      00000
intlevel4                                      functab      00000
intlevel5                                      functab      00000
rd1RegCompleteHandler@ptr                      cstackCOMMON 00079
rd2RegCompleteHandler@ptr                      cstackCOMMON 00079
rdBlkRegCompleteHandler@ptr                    cstackCOMMON 00079
reset_vec                                      reset_vec    00000
stackhi                                        (abs)        023EF
stacklo                                        (abs)        0205A
start                                          init         00024
start_initialization                           cinit        00026
wr1RegCompleteHandler@ptr                      cstackCOMMON 00079
wr2RegCompleteHandler@ptr                      cstackCOMMON 00079
wtemp0                                         (abs)        0007E


FUNCTION INFORMATION:

 *************** function _main *****************
 Defined at:
		line 166 in file "main.c"
 Parameters:    Size  Location     Type
		None
 Auto vars:     Size  Location     Type
		None
 Return value:  Size  Location     Type
                  1    wreg      void 
 Registers used:
		wreg, status,2, status,0, pclath, cstack
 Tracked objects:
		On entry : 
		On exit  : 
		Unchanged: 
 Data sizes:     COMMON   BANK0   BANK1   BANK2   BANK3   BANK4   BANK5   BANK6   BANK7   BANK8   BANK9  BANK10  BANK11  BANK12
      Params:         0       0       0       0       0       0       0       0       0       0       0       0       0       0
      Locals:         0       0       0       0       0       0       0       0       0       0       0       0       0       0
      Temps:          0       0       2       0       0       0       0       0       0       0       0       0       0       0
      Totals:         0       0       2       0       0       0       0       0       0       0       0       0       0       0
Total ram usage:        2 bytes
 Hardware stack levels required when called:   15
 This function calls:
		_EUSART_SetRxInterruptHandler
		_SYSTEM_Initialize
		_TMR2_SetInterruptHandler
		_TMR2_StartTimer
		_TMR2_WriteTimer
 This function is called by:
		Startup code after reset
 This function uses a non-reentrant model


 *************** function _TMR2_WriteTimer *****************
 Defined at:
		line 150 in file "mcc_generated_files/tmr2.c"
 Parameters:    Size  Location     Type
  timerVal        1    wreg     unsigned char 
 Auto vars:     Size  Location     Type
  timerVal        1    1[BANK1 ] unsigned char 
 Return value:  Size  Location     Type
                  1    wreg      void 
 Registers used:
		wreg, status,2, status,0, pclath, cstack
 Tracked objects:
		On entry : 
		On exit  : 
		Unchanged: 
 Data sizes:     COMMON   BANK0   BANK1   BANK2   BANK3   BANK4   BANK5   BANK6   BANK7   BANK8   BANK9  BANK10  BANK11  BANK12
      Params:         0       0       0       0       0       0       0       0       0       0       0       0       0       0
      Locals:         0       0       1       0       0       0       0       0       0       0       0       0       0       0
      Temps:          0       0       0       0       0       0       0       0       0       0       0       0       0       0
      Totals:         0       0       1       0       0       0       0       0       0       0       0       0       0       0
Total ram usage:        1 bytes
 Hardware stack levels used:    1
 Hardware stack levels required when called:   13
 This function calls:
		_TMR2_Counter8BitSet
 This function is called by:
		_main
 This function uses a non-reentrant model


 *************** function _TMR2_Counter8BitSet *****************
 Defined at:
		line 144 in file "mcc_generated_files/tmr2.c"
 Parameters:    Size  Location     Type
  timerVal        1    wreg     unsigned char 
 Auto vars:     Size  Location     Type
  timerVal        1    0[BANK1 ] unsigned char 
 Return value:  Size  Location     Type
                  1    wreg      void 
 Registers used:
		wreg
 Tracked objects:
		On entry : 
		On exit  : 
		Unchanged: 
 Data sizes:     COMMON   BANK0   BANK1   BANK2   BANK3   BANK4   BANK5   BANK6   BANK7   BANK8   BANK9  BANK10  BANK11  BANK12
      Params:         0       0       0       0       0       0       0       0       0       0       0       0       0       0
      Locals:         0       0       1       0       0       0       0       0       0       0       0       0       0       0
      Temps:          0       0       0       0       0       0       0       0       0       0       0       0       0       0
      Totals:         0       0       1       0       0       0       0       0       0       0       0       0       0       0
Total ram usage:        1 bytes
 Hardware stack levels used:    1
 Hardware stack levels required when called:   12
 This function calls:
		Nothing
 This function is called by:
		_TMR2_WriteTimer
 This function uses a non-reentrant model


 *************** function _TMR2_StartTimer *****************
 Defined at:
		line 114 in file "mcc_generated_files/tmr2.c"
 Parameters:    Size  Location     Type
		None
 Auto vars:     Size  Location     Type
		None
 Return value:  Size  Location     Type
                  1    wreg      void 
 Registers used:
		status,2, status,0, pclath, cstack
 Tracked objects:
		On entry : 
		On exit  : 
		Unchanged: 
 Data sizes:     COMMON   BANK0   BANK1   BANK2   BANK3   BANK4   BANK5   BANK6   BANK7   BANK8   BANK9  BANK10  BANK11  BANK12
      Params:         0       0       0       0       0       0       0       0       0       0       0       0       0       0
      Locals:         0       0       0       0       0       0       0       0       0       0       0       0       0       0
      Temps:          0       0       0       0       0       0       0       0       0       0       0       0       0       0
      Totals:         0       0       0       0       0       0       0       0       0       0       0       0       0       0
Total ram usage:        0 bytes
 Hardware stack levels used:    1
 Hardware stack levels required when called:   13
 This function calls:
		_TMR2_Start
 This function is called by:
		_main
 This function uses a non-reentrant model


 *************** function _TMR2_Start *****************
 Defined at:
		line 108 in file "mcc_generated_files/tmr2.c"
 Parameters:    Size  Location     Type
		None
 Auto vars:     Size  Location     Type
		None
 Return value:  Size  Location     Type
                  1    wreg      void 
 Registers used:
		None
 Tracked objects:
		On entry : 
		On exit  : 
		Unchanged: 
 Data sizes:     COMMON   BANK0   BANK1   BANK2   BANK3   BANK4   BANK5   BANK6   BANK7   BANK8   BANK9  BANK10  BANK11  BANK12
      Params:         0       0       0       0       0       0       0       0       0       0       0       0       0       0
      Locals:         0       0       0       0       0       0       0       0       0       0       0       0       0       0
      Temps:          0       0       0       0       0       0       0       0       0       0       0       0       0       0
      Totals:         0       0       0       0       0       0       0       0       0       0       0       0       0       0
Total ram usage:        0 bytes
 Hardware stack levels used:    1
 Hardware stack levels required when called:   12
 This function calls:
		Nothing
 This function is called by:
		_TMR2_StartTimer
 This function uses a non-reentrant model


 *************** function _SYSTEM_Initialize *****************
 Defined at:
		line 50 in file "mcc_generated_files/mcc.c"
 Parameters:    Size  Location     Type
		None
 Auto vars:     Size  Location     Type
		None
 Return value:  Size  Location     Type
                  1    wreg      void 
 Registers used:
		wreg, status,2, status,0, pclath, cstack
 Tracked objects:
		On entry : 
		On exit  : 
		Unchanged: 
 Data sizes:     COMMON   BANK0   BANK1   BANK2   BANK3   BANK4   BANK5   BANK6   BANK7   BANK8   BANK9  BANK10  BANK11  BANK12
      Params:         0       0       0       0       0       0       0       0       0       0       0       0       0       0
      Locals:         0       0       0       0       0       0       0       0       0       0       0       0       0       0
      Temps:          0       0       0       0       0       0       0       0       0       0       0       0       0       0
      Totals:         0       0       0       0       0       0       0       0       0       0       0       0       0       0
Total ram usage:        0 bytes
 Hardware stack levels used:    1
 Hardware stack levels required when called:   14
 This function calls:
		_EUSART_Initialize
		_I2C_Initialize
		_OSCILLATOR_Initialize
		_PIN_MANAGER_Initialize
		_PWM3_Initialize
[...]
      Temps:          0       0       0       0       0       0       0       0       0       0       0       0       0       0
      Totals:         0       0       0       0       0       0       0       0       0       0       0       0       0       0
Total ram usage:        0 bytes
 Hardware stack levels used:    1
 This function calls:
		Nothing
 This function is called by:
		_I2C_MasterOperation
 This function uses a non-reentrant model


 *************** function _I2C_Close *****************
 Defined at:
		line 209 in file "mcc_generated_files/i2c_master.c"
 Parameters:    Size  Location     Type
		None
 Auto vars:     Size  Location     Type
  returnValue     1    1[COMMON] enum E92
 Return value:  Size  Location     Type
                  1    wreg      enum E92
 Registers used:
		wreg, status,2, status,0, pclath, cstack
 Tracked objects:
		On entry : 
		On exit  : 
		Unchanged: 
 Data sizes:     COMMON   BANK0   BANK1   BANK2   BANK3   BANK4   BANK5   BANK6   BANK7   BANK8   BANK9  BANK10  BANK11  BANK12
      Params:         0       0       0       0       0       0       0       0       0       0       0       0       0       0
      Locals:         1       0       0       0       0       0       0       0       0       0       0       0       0       0
      Temps:          1       0       0       0       0       0       0       0       0       0       0       0       0       0
      Totals:         2       0       0       0       0       0       0       0       0       0       0       0       0       0
Total ram usage:        2 bytes
 Hardware stack levels used:    1
 Hardware stack levels required when called:    1
 This function calls:
		_I2C_MasterClearIrq
		_I2C_MasterClose
		_I2C_MasterDisableIrq
 This function is called by:
		_I2C_Write1ByteRegister
		_I2C_Read1ByteRegister
		_I2C_Read2ByteRegister
		_I2C_Write2ByteRegister
		_I2C_WriteNBytes
		_I2C_ReadNBytes
		_I2C_ReadDataBlock
 This function uses a non-reentrant model


 *************** function _I2C_MasterDisableIrq *****************
 Defined at:
		line 635 in file "mcc_generated_files/i2c_master.c"
 Parameters:    Size  Location     Type
		None
 Auto vars:     Size  Location     Type
		None
 Return value:  Size  Location     Type
                  1    wreg      void 
 Registers used:
		None
 Tracked objects:
		On entry : 
		On exit  : 
		Unchanged: 
 Data sizes:     COMMON   BANK0   BANK1   BANK2   BANK3   BANK4   BANK5   BANK6   BANK7   BANK8   BANK9  BANK10  BANK11  BANK12
      Params:         0       0       0       0       0       0       0       0       0       0       0       0       0       0
      Locals:         0       0       0       0       0       0       0       0       0       0       0       0       0       0
      Temps:          0       0       0       0       0       0       0       0       0       0       0       0       0       0
      Totals:         0       0       0       0       0       0       0       0       0       0       0       0       0       0
Total ram usage:        0 bytes
 Hardware stack levels used:    1
 This function calls:
		Nothing
 This function is called by:
		_I2C_Close
		_I2C_SetTimeOut
 This function uses a non-reentrant model


 *************** function _I2C_MasterClose *****************
 Defined at:
		line 557 in file "mcc_generated_files/i2c_master.c"
 Parameters:    Size  Location     Type
		None
 Auto vars:     Size  Location     Type
		None
 Return value:  Size  Location     Type
                  1    wreg      void 
 Registers used:
		None
 Tracked objects:
		On entry : 
		On exit  : 
		Unchanged: 
 Data sizes:     COMMON   BANK0   BANK1   BANK2   BANK3   BANK4   BANK5   BANK6   BANK7   BANK8   BANK9  BANK10  BANK11  BANK12
      Params:         0       0       0       0       0       0       0       0       0       0       0       0       0       0
      Locals:         0       0       0       0       0       0       0       0       0       0       0       0       0       0
      Temps:          0       0       0       0       0       0       0       0       0       0       0       0       0       0
      Totals:         0       0       0       0       0       0       0       0       0       0       0       0       0       0
Total ram usage:        0 bytes
 Hardware stack levels used:    1
 This function calls:
		Nothing
 This function is called by:
		_I2C_Close
 This function uses a non-reentrant model


 *************** function _I2C_MasterClearIrq *****************
 Defined at:
		line 640 in file "mcc_generated_files/i2c_master.c"
 Parameters:    Size  Location     Type
		None
 Auto vars:     Size  Location     Type
		None
 Return value:  Size  Location     Type
                  1    wreg      void 
 Registers used:
		None
 Tracked objects:
		On entry : 
		On exit  : 
		Unchanged: 
 Data sizes:     COMMON   BANK0   BANK1   BANK2   BANK3   BANK4   BANK5   BANK6   BANK7   BANK8   BANK9  BANK10  BANK11  BANK12
      Params:         0       0       0       0       0       0       0       0       0       0       0       0       0       0
      Locals:         0       0       0       0       0       0       0       0       0       0       0       0       0       0
      Temps:          0       0       0       0       0       0       0       0       0       0       0       0       0       0
      Totals:         0       0       0       0       0       0       0       0       0       0       0       0       0       0
Total ram usage:        0 bytes
 Hardware stack levels used:    1
 This function calls:
		Nothing
 This function is called by:
		_I2C_Open
		_I2C_Close
		_I2C_MasterFsm
 This function uses a non-reentrant model


 *************** function _EUSART_Receive_ISR *****************
 Defined at:
		line 173 in file "mcc_generated_files/eusart.c"
 Parameters:    Size  Location     Type
		None
 Auto vars:     Size  Location     Type
		None
 Return value:  Size  Location     Type
                  1    wreg      void 
 Registers used:
		wreg, fsr1l, fsr1h, status,2, status,0, pclath, cstack
 Tracked objects:
		On entry : 
		On exit  : 
		Unchanged: 
 Data sizes:     COMMON   BANK0   BANK1   BANK2   BANK3   BANK4   BANK5   BANK6   BANK7   BANK8   BANK9  BANK10  BANK11  BANK12
      Params:         0       0       0       0       0       0       0       0       0       0       0       0       0       0
      Locals:         0       0       0       0       0       0       0       0       0       0       0       0       0       0
      Temps:          0       0       0       0       0       0       0       0       0       0       0       0       0       0
      Totals:         0       0       0       0       0       0       0       0       0       0       0       0       0       0
Total ram usage:        0 bytes
 Hardware stack levels used:    1
 Hardware stack levels required when called:    2
 This function calls:
		Absolute function
		_EUSART_DefaultErrorHandler
		_EUSART_DefaultFramingErrorHandler
		_EUSART_DefaultOverrunErrorHandler
		_EUSART_RxDataHandler
 This function is called by:
		_EUSART_Initialize
		_INTERRUPT_InterruptManager
 This function uses a non-reentrant model


 *************** function _MyUART_ISR *****************
 Defined at:
		line 97 in file "main.c"
 Parameters:    Size  Location     Type
		None
 Auto vars:     Size  Location     Type
  c               1    5[COMMON] unsigned char 
 Return value:  Size  Location     Type
                  1    wreg      void 
 Registers used:
		wreg, fsr0l, fsr0h, status,2, status,0, pclath, cstack
 Tracked objects:
		On entry : 
		On exit  : 
		Unchanged: 
 Data sizes:     COMMON   BANK0   BANK1   BANK2   BANK3   BANK4   BANK5   BANK6   BANK7   BANK8   BANK9  BANK10  BANK11  BANK12
      Params:         0       0       0       0       0       0       0       0       0       0       0       0       0       0
      Locals:         1       0       0       0       0       0       0       0       0       0       0       0       0       0
      Temps:          4       0       0       0       0       0       0       0       0       0       0       0       0       0
      Totals:         5       0       0       0       0       0       0       0       0       0       0       0       0       0
Total ram usage:        5 bytes
 Hardware stack levels used:    1
 Hardware stack levels required when called:    1
 This function calls:
		_EUSART_Write
 This function is called by:
		_main
		_INTERRUPT_InterruptManager
 This function uses a non-reentrant model


 *************** function _EUSART_Write *****************
 Defined at:
		line 162 in file "mcc_generated_files/eusart.c"
 Parameters:    Size  Location     Type
  txData          1    wreg     unsigned char 
 Auto vars:     Size  Location     Type
  txData          1    0[COMMON] unsigned char 
 Return value:  Size  Location     Type
                  1    wreg      void 
 Registers used:
		wreg
 Tracked objects:
		On entry : 
		On exit  : 
		Unchanged: 
 Data sizes:     COMMON   BANK0   BANK1   BANK2   BANK3   BANK4   BANK5   BANK6   BANK7   BANK8   BANK9  BANK10  BANK11  BANK12
      Params:         0       0       0       0       0       0       0       0       0       0       0       0       0       0
      Locals:         1       0       0       0       0       0       0       0       0       0       0       0       0       0
      Temps:          0       0       0       0       0       0       0       0       0       0       0       0       0       0
      Totals:         1       0       0       0       0       0       0       0       0       0       0       0       0       0
Total ram usage:        1 bytes
 Hardware stack levels used:    1
 This function calls:
		Nothing
 This function is called by:
		_MyTimer2ISR
		_MyUART_ISR
 This function uses a non-reentrant model


 *************** function _EUSART_DefaultOverrunErrorHandler *****************
 Defined at:
		line 209 in file "mcc_generated_files/eusart.c"
 Parameters:    Size  Location     Type
		None
 Auto vars:     Size  Location     Type
		None
 Return value:  Size  Location     Type
                  1    wreg      void 
 Registers used:
		None
 Tracked objects:
		On entry : 
		On exit  : 
		Unchanged: 
 Data sizes:     COMMON   BANK0   BANK1   BANK2   BANK3   BANK4   BANK5   BANK6   BANK7   BANK8   BANK9  BANK10  BANK11  BANK12
      Params:         0       0       0       0       0       0       0       0       0       0       0       0       0       0
      Locals:         0       0       0       0       0       0       0       0       0       0       0       0       0       0
      Temps:          0       0       0       0       0       0       0       0       0       0       0       0       0       0
      Totals:         0       0       0       0       0       0       0       0       0       0       0       0       0       0
Total ram usage:        0 bytes
 Hardware stack levels used:    1
 This function calls:
		Nothing
 This function is called by:
		_EUSART_Initialize
		_EUSART_Receive_ISR
 This function uses a non-reentrant model


 *************** function _EUSART_DefaultFramingErrorHandler *****************
 Defined at:
		line 207 in file "mcc_generated_files/eusart.c"
 Parameters:    Size  Location     Type
		None
 Auto vars:     Size  Location     Type
		None
 Return value:  Size  Location     Type
                  1    wreg      void 
 Registers used:
		None
 Tracked objects:
		On entry : 
		On exit  : 
		Unchanged: 
 Data sizes:     COMMON   BANK0   BANK1   BANK2   BANK3   BANK4   BANK5   BANK6   BANK7   BANK8   BANK9  BANK10  BANK11  BANK12
      Params:         0       0       0       0       0       0       0       0       0       0       0       0       0       0
      Locals:         0       0       0       0       0       0       0       0       0       0       0       0       0       0
      Temps:          0       0       0       0       0       0       0       0       0       0       0       0       0       0
      Totals:         0       0       0       0       0       0       0       0       0       0       0       0       0       0
Total ram usage:        0 bytes
 Hardware stack levels used:    1
 This function calls:
		Nothing
 This function is called by:
		_EUSART_Initialize
		_EUSART_Receive_ISR
 This function uses a non-reentrant model


 *************** function _EUSART_DefaultErrorHandler *****************
 Defined at:
		line 217 in file "mcc_generated_files/eusart.c"
 Parameters:    Size  Location     Type
		None
 Auto vars:     Size  Location     Type
		None
 Return value:  Size  Location     Type
                  1    wreg      void 
 Registers used:
		wreg, fsr1l, fsr1h, status,2, status,0, pclath, cstack
 Tracked objects:
		On entry : 
		On exit  : 
		Unchanged: 
 Data sizes:     COMMON   BANK0   BANK1   BANK2   BANK3   BANK4   BANK5   BANK6   BANK7   BANK8   BANK9  BANK10  BANK11  BANK12
      Params:         0       0       0       0       0       0       0       0       0       0       0       0       0       0
      Locals:         0       0       0       0       0       0       0       0       0       0       0       0       0       0
      Temps:          0       0       0       0       0       0       0       0       0       0       0       0       0       0
      Totals:         0       0       0       0       0       0       0       0       0       0       0       0       0       0
Total ram usage:        0 bytes
 Hardware stack levels used:    1
 Hardware stack levels required when called:    1
 This function calls:
		_EUSART_RxDataHandler
 This function is called by:
		_EUSART_Initialize
		_EUSART_Receive_ISR
 This function uses a non-reentrant model


 *************** function _EUSART_RxDataHandler *****************
 Defined at:
		line 197 in file "mcc_generated_files/eusart.c"
 Parameters:    Size  Location     Type
		None
 Auto vars:     Size  Location     Type
		None
 Return value:  Size  Location     Type
                  1    wreg      void 
 Registers used:
		wreg, fsr1l, fsr1h, status,2, status,0
 Tracked objects:
		On entry : 
		On exit  : 
		Unchanged: 
 Data sizes:     COMMON   BANK0   BANK1   BANK2   BANK3   BANK4   BANK5   BANK6   BANK7   BANK8   BANK9  BANK10  BANK11  BANK12
      Params:         0       0       0       0       0       0       0       0       0       0       0       0       0       0
      Locals:         0       0       0       0       0       0       0       0       0       0       0       0       0       0
      Temps:          1       0       0       0       0       0       0       0       0       0       0       0       0       0
      Totals:         1       0       0       0       0       0       0       0       0       0       0       0       0       0
Total ram usage:        1 bytes
 Hardware stack levels used:    1
 This function calls:
		Nothing
 This function is called by:
		_EUSART_Receive_ISR
		_EUSART_DefaultErrorHandler
 This function uses a non-reentrant model



MODULE INFORMATION

Module		Function		Class		Link	Load	Size
mcc_generated_files/tmr2.c
		_TMR2_ISR      		CODE           	04DE	0000	13
		_TMR2_Initialize		CODE           	046A	0000	21
		_TMR2_Start    		CODE           	05D3	0000	4
		_TMR2_SetInterruptHandler		CODE           	052D	0000	10
		_TMR2_Counter8BitSet		CODE           	0569	0000	7
		_TMR2_DefaultInterruptHandler		CODE           	05F8	0000	2
		_TMR2_WriteTimer		CODE           	0563	0000	7
		_TMR2_StartTimer		CODE           	05D0	0000	4

mcc_generated_files/tmr2.c estimated size: 68

mcc_generated_files/interrupt_manager.c
		_INTERRUPT_InterruptManager		CODE           	0004	0000	33

mcc_generated_files/interrupt_manager.c estimated size: 33

mcc_generated_files/examples/i2c_master_example.c
		_wr1RegCompleteHandler		CODE           	0490	0000	17
		_wr2RegCompleteHandler		CODE           	04C0	0000	17
		_I2C_Write1ByteRegister		CODE           	0311	0000	48
		_rdBlkRegCompleteHandler		CODE           	0426	0000	24
		_rd1RegCompleteHandler		CODE           	04B0	0000	17
		_rd2RegCompleteHandler		CODE           	04A0	0000	17

mcc_generated_files/examples/i2c_master_example.c estimated size: 140

mcc_generated_files/pin_manager.c
		_PIN_MANAGER_Initialize		CODE           	01FD	0000	60

mcc_generated_files/pin_manager.c estimated size: 60

shared
		__initialization		CODE           	0026	0000	24
		_fsmStateTable 		STRCODE        	03D3	0000	33

shared estimated size: 57

mcc_generated_files/mcc.c
		_OSCILLATOR_Initialize		CODE           	054F	0000	8
		_SYSTEM_Initialize		CODE           	047E	0000	19

mcc_generated_files/mcc.c estimated size: 27

mcc_generated_files/pwm3.c
		_PWM3_Initialize		CODE           	050E	0000	12
		_PWM3_LoadDutyValue		CODE           	0454	0000	23

mcc_generated_files/pwm3.c estimated size: 35

mcc_generated_files/i2c_master.c
		_I2C_Close     		CODE           	040D	0000	26
		_I2C_MasterStartRx		CODE           	05DC	0000	4
		_I2C_DO_SEND_ADR_WRITE		CODE           	0556	0000	8
		_I2C_MasterWaitForEvent		CODE           	05A4	0000	5
		_I2C_DO_SEND_STOP		CODE           	05B4	0000	5
		_I2C_MasterSendNack		CODE           	05C8	0000	5
		_I2C_MasterDisableIrq		CODE           	05E8	0000	4
		_I2C_CallbackReturnStop		CODE           	05F6	0000	3
		_I2C_MasterOperation		CODE           	03F3	0000	27
		_I2C_DO_SEND_ADR_READ		CODE           	053F	0000	9
		_I2C_DO_RX_NACK_STOP		CODE           	05AC	0000	5
		_I2C_DO_SEND_RESTART		CODE           	05B8	0000	5
		_I2C_DO_RX     		CODE           	0238	0000	59
		_I2C_DO_TX     		CODE           	01B2	0000	76
		_I2C_DO_IDLE   		CODE           	0592	0000	6
		_I2C_DO_RCEN   		CODE           	0581	0000	7
		_I2C_Poller    		CODE           	0523	0000	11
		_I2C_DO_RESET  		CODE           	058D	0000	6
		_I2C_MasterClose		CODE           	05EB	0000	4
		_I2C_MasterWrite		CODE           	05A0	0000	5
		_I2C_DO_RX_ACK 		CODE           	05B0	0000	5
		_I2C_MasterStart		CODE           	05E5	0000	4
		_I2C_MasterClearIrq		CODE           	05EE	0000	4
		_I2C_MasterGetRxData		CODE           	05D9	0000	4
		_I2C_SetCallback		CODE           	038C	0000	37
		_I2C_DO_ADDRESS_NACK		CODE           	03B0	0000	36
		_I2C_MasterEnableRestart		CODE           	05E2	0000	4
		_I2C_CallbackReturnReset		CODE           	05F4	0000	3
		_I2C_Open      		CODE           	0272	0000	56
		_I2C_SetAddressNackCallback		CODE           	04EA	0000	13
		_I2C_DO_TX_EMPTY		CODE           	0367	0000	38
		_I2C_DO_SEND_RESTART_WRITE		CODE           	05BC	0000	5
		_I2C_MasterIsNack		CODE           	0587	0000	7
		_I2C_SetDataCompleteCallback		CODE           	0502	0000	13
		_I2C_DO_RX_NACK_RESTART		CODE           	05A8	0000	5
		_I2C_MasterSendAck		CODE           	05C4	0000	5
		_I2C_MasterFsm 		CODE           	0340	0000	40
		_I2C_MasterSetIrq		CODE           	05D6	0000	4
		_I2C_DO_SEND_RESTART_READ		CODE           	05C0	0000	5
		_I2C_Initialize		CODE           	0519	0000	11
		_I2C_SetBuffer 		CODE           	04D0	0000	15
		_I2C_MasterOpen		CODE           	04F6	0000	13
		_I2C_MasterSendTxData		CODE           	0597	0000	6
		_I2C_MasterStop		CODE           	05DF	0000	4

mcc_generated_files/i2c_master.c estimated size: 617

mcc_generated_files/eusart.c
		_EUSART_SetRxInterruptHandler		CODE           	0536	0000	10
		_EUSART_DefaultOverrunErrorHandler		CODE           	05CC	0000	5
		_EUSART_Write  		CODE           	0547	0000	9
		_EUSART_DefaultErrorHandler		CODE           	05F1	0000	4
		_EUSART_Initialize		CODE           	02DF	0000	51
		_EUSART_SetFramingErrorHandler		CODE           	0575	0000	7
		_EUSART_SetErrorHandler		CODE           	057B	0000	7
		_EUSART_SetOverrunErrorHandler		CODE           	056F	0000	7
		_EUSART_Receive_ISR		CODE           	02A9	0000	55
		_EUSART_RxDataHandler		CODE           	043D	0000	24
		_EUSART_DefaultFramingErrorHandler		CODE           	05F9	0000	2

mcc_generated_files/eusart.c estimated size: 181

main.c
		_MyTimer2ISR   		CODE           	00F9	0000	101
		_MyUART_ISR    		CODE           	0041	0000	185
		_main          		CODE           	015D	0000	86

main.c estimated size: 372

