Microchip MPLAB XC8 Compiler V1.45 ()

Linker command line:

-W-3 --edf=C:\Program Files (x86)\Microchip\xc8\v1.45\dat\en_msgs.txt -cs \
  -h+dist/default/debug\PIC.X.debug.sym \
  --cmf=dist/default/debug\PIC.X.debug.cmf -z -Q16F1619 \
  -oC:\Users\xoxox\AppData\Local\Temp\svis.2 \
  -Mdist/default/debug/PIC.X.debug.map -E1 -ver=XC8 -ASTACK=02083h-023efh \
  -pstack=STACK -ACODE=00h-07FFhx4 -ASTRCODE=00h-01FFFh \
  -ASTRING=00h-0FFhx32 -ACONST=00h-0FFhx32 -AENTRY=00h-0FFhx32 \
  -ACOMMON=070h-07Fh -ABANK0=020h-06Fh -ABANK1=0A0h-0EFh \
  -ABANK2=0120h-016Fh -ABANK3=01A0h-01EFh -ABANK4=0220h-026Fh \
  -ABANK5=02A0h-02EFh -ABANK6=0320h-036Fh -ABANK7=03A0h-03EFh \
  -ABANK8=0420h-046Fh -ABANK9=04A0h-04EFh -ABANK10=0520h-056Fh \
  -ABANK11=05A0h-05EFh -ABANK12=0620h-064Fh -ABIGRAM=02000h-023EFh \
  -ARAM=020h-06Fh,0A0h-0EFh,0120h-016Fh,01A0h-01EFh,0220h-026Fh,02A0h-02EFh,0320h-036Fh,03A0h-03EFh,0420h-046Fh,04A0h-04EFh,0520h-056Fh,05A0h-05EFh,0620h-064Fh \
  -AABS1=020h-07Fh,0A0h-0EFh,0120h-016Fh,01A0h-01EFh,0220h-026Fh,02A0h-02EFh,0320h-036Fh,03A0h-03EFh,0420h-046Fh,04A0h-04EFh,0520h-056Fh,05A0h-05EFh,0620h-064Fh \
  -ASFR0=00h-01Fh -ASFR1=080h-09Fh -ASFR2=0100h-011Fh -ASFR3=0180h-019Fh \
  -ASFR4=0200h-021Fh -ASFR5=0280h-029Fh -ASFR6=0300h-031Fh \
  -ASFR7=0380h-039Fh -ASFR8=0400h-041Fh -ASFR9=0480h-049Fh \
  -ASFR10=0500h-051Fh -ASFR11=0580h-059Fh -ASFR12=0600h-061Fh \
  -ASFR13=0680h-06EFh -ASFR14=0700h-076Fh -ASFR15=0780h-07EFh \
  -ASFR16=0800h-086Fh -ASFR17=0880h-08EFh -ASFR18=0900h-096Fh \
  -ASFR19=0980h-09EFh -ASFR20=0A00h-0A6Fh -ASFR21=0A80h-0AEFh \
  -ASFR22=0B00h-0B6Fh -ASFR23=0B80h-0BEFh -ASFR24=0C00h-0C6Fh \
  -ASFR25=0C80h-0CEFh -ASFR26=0D00h-0D6Fh -ASFR27=0D80h-0DEFh \
  -ASFR28=0E00h-0E6Fh -ASFR29=0E80h-0EEFh -ASFR30=0F00h-0F6Fh \
  -ASFR31=0F80h-0FEFh -preset_vec=00h,intentry=04h,init,end_init \
  -ppowerup=CODE -pcinit=CODE -pfunctab=ENTRY -ACONFIG=08007h-08009h \
  -pconfig=CONFIG -DCONFIG=2 -AIDLOC=08000h-08003h -pidloc=IDLOC -DIDLOC=2 \
  -DCODE=2 -DSTRCODE=2 -DSTRING=2 -DCONST=2 -DENTRY=2 -k \
  C:\Users\xoxox\AppData\Local\Temp\svis.obj \
  dist/default/debug\PIC.X.debug.obj 

Object code version is 3.11

Machine type is 16F1619



                Name                               Link     Load   Length Selector   Space Scale
C:\Users\xoxox\AppData\Local\Temp\svis.obj
                end_init                             24       24        2        8       0
                reset_vec                             0        0        3        0       0
                config                             8007     8007        3    1000E       0
dist/default/debug\PIC.X.debug.obj
                cinit                                26       26       1F        8       0
                intentry                              4        4       20        8       0
                text127                             6A0      6A0       17      BFA       0
                text126                             E55      E55        3     1CAA       0
                text125                             E50      E50        1     1CA0       0
                text124                             E97      E97        4     1D2E       0
                text123                             F3B      F3B        8     1E76       0
                text122                              45       45       B8        8       0
                text121                             3E0      3E0       35        8       0
                text120                             E58      E58        3     1CB0       0
                text119                             E5B      E5B        3     1CB6       0
                text118                             E5E      E5E        3     1CBC       0
                text117                             670      670       19      BFA       0
                text116                             E61      E61        3     1CC2       0
                text115                             E64      E64        3     1CC8       0
                text114                             E67      E67        3     1CCE       0
                text113                             7C5      7C5        E      BFA       0
                text112                             596      596       24        8       0
                text111                             FDC      FDC        C     1FB8       0
                text110                             7B5      7B5       10      BFA       0
                text109                             7A5      7A5       10      BFA       0
                text108                             795      795       10      BFA       0
                text107                             785      785       10      BFA       0
                text106                             689      689       17      BFA       0
                text105                             E51      E51        2     1CA2       0
                text104                             E53      E53        2     1CA6       0
                text103                             E6A      E6A        3     1CD4       0
                text102                             E9B      E9B        4     1D36       0
                text101                             E6D      E6D        3     1CDA       0
                text100                             E9F      E9F        4     1D3E       0
                text99                              ED7      ED7        5     1DAE       0
                text98                              EEB      EEB        6     1DD6       0
                text97                              E70      E70        3     1CE0       0
                text96                              571      571       25        8       0
                text95                              EDC      EDC        5     1DB8       0
                text94                              F43      F43        8     1E86       0
                text93                              F2D      F2D        7     1E5A       0
                text92                              229      229       4B        8       0
                text91                              36F      36F       3A        8       0
                text90                              EF1      EF1        6     1DE2       0
                text89                              EA3      EA3        4     1D46       0
                text88                              EA7      EA7        4     1D4E       0
                text87                              EAB      EAB        4     1D56       0
                text86                              EAF      EAF        4     1D5E       0
                text85                              EB3      EB3        4     1D66       0
                text84                              EB7      EB7        4     1D6E       0
                text83                              EBB      EBB        4     1D76       0
                text82                              EE1      EE1        5     1DC2       0
                text81                              5BA      5BA       23        8       0
                text80                              4D3      4D3       2A        8       0
                text79                              EBF      EBF        4     1D7E       0
                text78                              F9E      F9E        A     1F3C       0
                text77                              61B      61B       1E      BFA       0
                text76                              EC3      EC3        4     1D86       0
                text75                              FE8      FE8        C     1FD0       0
                text74                              3A9      3A9       37        8       0
                text73                              FF4      FF4        C     1FE8       0
                text72                              274      274       42        8       0
                text71                              70F      70F       16      BFA       0
                text70                              479      479       2F        8       0
                text69                                3        3        1        0       0
                text68                              16C      16C       6D        8       0
                text67                              7EB      7EB        C      BFA       0
                text65                              E73      E73        3     1CE6       0
                text64                              E76      E76        3     1CEC       0
                text63                              E79      E79        3     1CF2       0
                text62                              5FD      5FD       1E      BFA       0
                text61                              E7C      E7C        3     1CF8       0
                text60                              E7F      E7F        3     1CFE       0
                text59                              E82      E82        3     1D04       0
                text58                              73A      73A       15      BFA       0
                text57                              54C      54C       25        8       0
                text56                              773      773       12      BFA       0
                text55                              6F9      6F9       16      BFA       0
                text54                              6E3      6E3       16      BFA       0
                text53                              6CD      6CD       16      BFA       0
                text52                              6B7      6B7       16      BFA       0
                text51                              639      639       1D      BFA       0
                text50                              EF7      EF7        6     1DEE       0
                text49                              EFD      EFD        6     1DFA       0
                text48                              E85      E85        3     1D0A       0
                text47                              EC7      EC7        4     1D8E       0
                text46                              E88      E88        3     1D10       0
                text45                              ECB      ECB        4     1D96       0
                text44                              F03      F03        6     1E06       0
                text43                              F09      F09        6     1E12       0
                text42                              E8B      E8B        3     1D16       0
                text41                              4A8      4A8       2B        8       0
                text40                              F83      F83        9     1F06       0
                text39                              7DF      7DF        C      BFA       0
                text38                              FC6      FC6        B     1F8C       0
                text37                              1D9      1D9       50        8       0
                text36                              2B6      2B6       40        8       0
                text35                              FA8      FA8        A     1F50       0
                text34                              F4B      F4B        8     1E96       0
                text33                              F53      F53        8     1EA6       0
                text32                              F5B      F5B        8     1EB6       0
                text31                              F63      F63        8     1EC6       0
                text30                              F6B      F6B        8     1ED6       0
                text29                              F73      F73        8     1EE6       0
                text28                              F7B      F7B        8     1EF6       0
                text27                              F8C      F8C        9     1F18       0
                text26                              4FD      4FD       28        8       0
                text25                              525      525       27        8       0
                text24                              ECF      ECF        4     1D9E       0
                text23                              FB2      FB2        A     1F64       0
                text22                              656      656       1A      BFA       0
                text21                              ED3      ED3        4     1DA6       0
                text20                              7D3      7D3        C      BFA       0
                text19                              2F6      2F6       3E        8       0
                text18                              761      761       12      BFA       0
                text17                              448      448       31        8       0
                text16                              F95      F95        9     1F2A       0
                text15                              F0F      F0F        6     1E1E       0
                text14                              7F7      7F7        9      BFA       0
                text13                              F15      F15        6     1E2A       0
                text12                              415      415       33        8       0
                text11                              FBC      FBC        A     1F78       0
                text10                              F34      F34        7     1E68       0
                text9                               334      334       3B        8       0
                text8                               FD1      FD1        B     1FA2       0
                text7                               F1B      F1B        6     1E36       0
                text6                               725      725       15      BFA       0
                text5                               74F      74F       12      BFA       0
                text4                               E8E      E8E        3     1D1C       0
                text3                               E91      E91        3     1D22       0
                text2                               EE6      EE6        5     1DCC       0
                text1                               F21      F21        6     1E42       0
                maintext                             FD       FD       6F        8       0
                cstackBANK0                          3A       3A       1A       20       1
                cstackCOMMON                         70       70        E       70       1
                cstackBANK1                          BD       BD       12       A0       1
                clrtext                             F27      F27        6     1E4E       0
                bssBANK1                             A0       A0       1D       A0       1
                dataBANK0                            5A       5A        3       20       1
                bssBANK0                             20       20       1A       20       1
                nvBANK1                              CF       CF        4       A0       1
                nvBANK0                              54       54        6       20       1
                stringtext1                         5DD      5DD       20      BBA       0
                idataBANK0                          E94      E94        3     1D28       0

TOTAL           Name                               Link     Load   Length     Space
        CLASS   STACK          

        CLASS   CODE           
                end_init                             24       24        2         0
                cinit                                26       26       1F         0
                intentry                              4        4       20         0
                reset_vec                             0        0        3         0
                text127                             6A0      6A0       17         0
                text126                             E55      E55        3         0
                text125                             E50      E50        1         0
                text124                             E97      E97        4         0
                text123                             F3B      F3B        8         0
                text122                              45       45       B8         0
                text121                             3E0      3E0       35         0
                text120                             E58      E58        3         0
                text119                             E5B      E5B        3         0
                text118                             E5E      E5E        3         0
                text117                             670      670       19         0
                text116                             E61      E61        3         0
                text115                             E64      E64        3         0
                text114                             E67      E67        3         0
                text113                             7C5      7C5        E         0
                text112                             596      596       24         0
                text111                             FDC      FDC        C         0
                text110                             7B5      7B5       10         0
                text109                             7A5      7A5       10         0
                text108                             795      795       10         0
                text107                             785      785       10         0
                text106                             689      689       17         0
                text105                             E51      E51        2         0
                text104                             E53      E53        2         0
                text103                             E6A      E6A        3         0
                text102                             E9B      E9B        4         0
                text101                             E6D      E6D        3         0
                text100                             E9F      E9F        4         0
                text99                              ED7      ED7        5         0
                text98                              EEB      EEB        6         0
                text97                              E70      E70        3         0
                text96                              571      571       25         0
                text95                              EDC      EDC        5         0
                text94                              F43      F43        8         0
                text93                              F2D      F2D        7         0
                text92                              229      229       4B         0
                text91                              36F      36F       3A         0
                text90                              EF1      EF1        6         0
                text89                              EA3      EA3        4         0
                text88                              EA7      EA7        4         0
                text87                              EAB      EAB        4         0
                text86                              EAF      EAF        4         0
                text85                              EB3      EB3        4         0
                text84                              EB7      EB7        4         0
                text83                              EBB      EBB        4         0
                text82                              EE1      EE1        5         0
                text81                              5BA      5BA       23         0
                text80                              4D3      4D3       2A         0
                text79                              EBF      EBF        4         0
                text78                              F9E      F9E        A         0
                text77                              61B      61B       1E         0
                text76                              EC3      EC3        4         0
                text75                              FE8      FE8        C         0
                text74                              3A9      3A9       37         0
                text73                              FF4      FF4        C         0
                text72                              274      274       42         0
                text71                              70F      70F       16         0
                text70                              479      479       2F         0
                text69                                3        3        1         0
                text68                              16C      16C       6D         0
                text67                              7EB      7EB        C         0
                text65                              E73      E73        3         0
                text64                              E76      E76        3         0
                text63                              E79      E79        3         0
                text62                              5FD      5FD       1E         0
                text61                              E7C      E7C        3         0
                text60                              E7F      E7F        3         0
                text59                              E82      E82        3         0
                text58                              73A      73A       15         0
                text57                              54C      54C       25         0
                text56                              773      773       12         0
                text55                              6F9      6F9       16         0
                text54                              6E3      6E3       16         0
                text53                              6CD      6CD       16         0
                text52                              6B7      6B7       16         0
                text51                              639      639       1D         0
                text50                              EF7      EF7        6         0
                text49                              EFD      EFD        6         0
                text48                              E85      E85        3         0
                text47                              EC7      EC7        4         0
                text46                              E88      E88        3         0
                text45                              ECB      ECB        4         0
                text44                              F03      F03        6         0
                text43                              F09      F09        6         0
                text42                              E8B      E8B        3         0
                text41                              4A8      4A8       2B         0
                text40                              F83      F83        9         0
                text39                              7DF      7DF        C         0
                text38                              FC6      FC6        B         0
                text37                              1D9      1D9       50         0
                text36                              2B6      2B6       40         0
                text35                              FA8      FA8        A         0
                text34                              F4B      F4B        8         0
                text33                              F53      F53        8         0
                text32                              F5B      F5B        8         0
                text31                              F63      F63        8         0
                text30                              F6B      F6B        8         0
                text29                              F73      F73        8         0
                text28                              F7B      F7B        8         0
                text27                              F8C      F8C        9         0
                text26                              4FD      4FD       28         0
                text25                              525      525       27         0
                text24                              ECF      ECF        4         0
                text23                              FB2      FB2        A         0
                text22                              656      656       1A         0
                text21                              ED3      ED3        4         0
                text20                              7D3      7D3        C         0
                text19                              2F6      2F6       3E         0
                text18                              761      761       12         0
                text17                              448      448       31         0
                text16                              F95      F95        9         0
                text15                              F0F      F0F        6         0
                text14                              7F7      7F7        9         0
                text13                              F15      F15        6         0
                text12                              415      415       33         0
                text11                              FBC      FBC        A         0
                text10                              F34      F34        7         0
                text9                               334      334       3B         0
                text8                               FD1      FD1        B         0
                text7                               F1B      F1B        6         0
                text6                               725      725       15         0
                text5                               74F      74F       12         0
                text4                               E8E      E8E        3         0
                text3                               E91      E91        3         0
                text2                               EE6      EE6        5         0
                text1                               F21      F21        6         0
                maintext                             FD       FD       6F         0
                clrtext                             F27      F27        6         0
                idataBANK0                          E94      E94        3         0

        CLASS   STRCODE        
                stringtext1                         5DD      5DD       20         0

        CLASS   STRING         

        CLASS   CONST          

        CLASS   ENTRY          

        CLASS   COMMON         
                cstackCOMMON                         70       70        E         1

        CLASS   BANK0          
                cstackBANK0                          3A       3A       1A         1
                dataBANK0                            5A       5A        3         1
                bssBANK0                             20       20       1A         1
                nvBANK0                              54       54        6         1

        CLASS   BANK1          
                cstackBANK1                          BD       BD       12         1
                bssBANK1                             A0       A0       1D         1
                nvBANK1                              CF       CF        4         1

        CLASS   BANK2          

        CLASS   BANK3          

        CLASS   BANK4          

        CLASS   BANK5          

        CLASS   BANK6          

        CLASS   BANK7          

        CLASS   BANK8          

        CLASS   BANK9          

        CLASS   BANK10         

        CLASS   BANK11         

        CLASS   BANK12         

        CLASS   BIGRAM         

        CLASS   RAM            

        CLASS   ABS1           
                abs_s1                               7E       7E        2         1

        CLASS   SFR0           

        CLASS   SFR1           

        CLASS   SFR2           

        CLASS   SFR3           

        CLASS   SFR4           

        CLASS   SFR5           

        CLASS   SFR6           

        CLASS   SFR7           

        CLASS   SFR8           

        CLASS   SFR9           

        CLASS   SFR10          

        CLASS   SFR11          

        CLASS   SFR12          

        CLASS   SFR13          

        CLASS   SFR14          

        CLASS   SFR15          

        CLASS   SFR16          

        CLASS   SFR17          

        CLASS   SFR18          

        CLASS   SFR19          

        CLASS   SFR20          

        CLASS   SFR21          

        CLASS   SFR22          

        CLASS   SFR23          

        CLASS   SFR24          

        CLASS   SFR25          

        CLASS   SFR26          

        CLASS   SFR27          

        CLASS   SFR28          

        CLASS   SFR29          

        CLASS   SFR30          

        CLASS   SFR31          

        CLASS   CONFIG         
                config                             8007     8007        3         0

        CLASS   IDLOC          

        CLASS   BANK31         

        CLASS   BANK30         

        CLASS   BANK29         

        CLASS   BANK28         

        CLASS   BANK27         

        CLASS   BANK26         

        CLASS   BANK25         

        CLASS   BANK24         

        CLASS   BANK23         

        CLASS   BANK22         

        CLASS   BANK21         

        CLASS   BANK20         

        CLASS   BANK19         

        CLASS   BANK18         

        CLASS   BANK17         

        CLASS   BANK16         

        CLASS   BANK15         

        CLASS   BANK14         

        CLASS   BANK13         

        CLASS   EEDATA         



SEGMENTS        Name                           Load    Length   Top    Selector   Space  Class     Delta

                reset_vec                      000000  000004  000004         0       0  CODE        2
                intentry                       000004  0005D9  0005DD         8       0  CODE        2
                bssBANK0                       000020  00003D  00005D        20       1  BANK0       1
                cstackCOMMON                   000070  00000E  00007E        70       1  COMMON      1
                bssBANK1                       0000A0  000033  0000D3        A0       1  BANK1       1
                stringtext1                    0005DD  000020  0005FD       BBA       0  STRCODE     2
                text62                         0005FD  000203  000800       BFA       0  CODE        2
                text125                        000E50  000001  000E51      1CA0       0  CODE        2
                text105                        000E51  000002  000E53      1CA2       0  CODE        2
                text104                        000E53  000002  000E55      1CA6       0  CODE        2
                text126                        000E55  000003  000E58      1CAA       0  CODE        2
                text120                        000E58  000003  000E5B      1CB0       0  CODE        2
                text119                        000E5B  000003  000E5E      1CB6       0  CODE        2
                text118                        000E5E  000003  000E61      1CBC       0  CODE        2
                text116                        000E61  000003  000E64      1CC2       0  CODE        2
                text115                        000E64  000003  000E67      1CC8       0  CODE        2
                text114                        000E67  000003  000E6A      1CCE       0  CODE        2
                text103                        000E6A  000003  000E6D      1CD4       0  CODE        2
                text101                        000E6D  000003  000E70      1CDA       0  CODE        2
                text97                         000E70  000003  000E73      1CE0       0  CODE        2
                text65                         000E73  000003  000E76      1CE6       0  CODE        2
                text64                         000E76  000003  000E79      1CEC       0  CODE        2
                text63                         000E79  000003  000E7C      1CF2       0  CODE        2
                text61                         000E7C  000003  000E7F      1CF8       0  CODE        2
                text60                         000E7F  000003  000E82      1CFE       0  CODE        2
                text59                         000E82  000003  000E85      1D04       0  CODE        2
                text48                         000E85  000003  000E88      1D0A       0  CODE        2
                text46                         000E88  000003  000E8B      1D10       0  CODE        2
                text42                         000E8B  000003  000E8E      1D16       0  CODE        2
                text4                          000E8E  000003  000E91      1D1C       0  CODE        2
                text3                          000E91  000003  000E94      1D22       0  CODE        2
                idataBANK0                     000E94  000003  000E97      1D28       0  CODE        2
                text124                        000E97  000004  000E9B      1D2E       0  CODE        2
                text102                        000E9B  000004  000E9F      1D36       0  CODE        2
                text100                        000E9F  000004  000EA3      1D3E       0  CODE        2
                text89                         000EA3  000004  000EA7      1D46       0  CODE        2
                text88                         000EA7  000004  000EAB      1D4E       0  CODE        2
                text87                         000EAB  000004  000EAF      1D56       0  CODE        2
                text86                         000EAF  000004  000EB3      1D5E       0  CODE        2
                text85                         000EB3  000004  000EB7      1D66       0  CODE        2
                text84                         000EB7  000004  000EBB      1D6E       0  CODE        2
                text83                         000EBB  000004  000EBF      1D76       0  CODE        2
                text79                         000EBF  000004  000EC3      1D7E       0  CODE        2
                text76                         000EC3  000004  000EC7      1D86       0  CODE        2
                text47                         000EC7  000004  000ECB      1D8E       0  CODE        2
                text45                         000ECB  000004  000ECF      1D96       0  CODE        2
                text24                         000ECF  000004  000ED3      1D9E       0  CODE        2
                text21                         000ED3  000004  000ED7      1DA6       0  CODE        2
                text99                         000ED7  000005  000EDC      1DAE       0  CODE        2
                text95                         000EDC  000005  000EE1      1DB8       0  CODE        2
                text82                         000EE1  000005  000EE6      1DC2       0  CODE        2
                text2                          000EE6  000005  000EEB      1DCC       0  CODE        2
                text98                         000EEB  000006  000EF1      1DD6       0  CODE        2
                text90                         000EF1  000006  000EF7      1DE2       0  CODE        2
                text50                         000EF7  000006  000EFD      1DEE       0  CODE        2
                text49                         000EFD  000006  000F03      1DFA       0  CODE        2
                text44                         000F03  000006  000F09      1E06       0  CODE        2
                text43                         000F09  000006  000F0F      1E12       0  CODE        2
                text15                         000F0F  000006  000F15      1E1E       0  CODE        2
                text13                         000F15  000006  000F1B      1E2A       0  CODE        2
                text7                          000F1B  000006  000F21      1E36       0  CODE        2
                text1                          000F21  000006  000F27      1E42       0  CODE        2
                clrtext                        000F27  000006  000F2D      1E4E       0  CODE        2
                text93                         000F2D  000007  000F34      1E5A       0  CODE        2
                text10                         000F34  000007  000F3B      1E68       0  CODE        2
                text123                        000F3B  000008  000F43      1E76       0  CODE        2
                text94                         000F43  000008  000F4B      1E86       0  CODE        2
                text34                         000F4B  000008  000F53      1E96       0  CODE        2
                text33                         000F53  000008  000F5B      1EA6       0  CODE        2
                text32                         000F5B  000008  000F63      1EB6       0  CODE        2
                text31                         000F63  000008  000F6B      1EC6       0  CODE        2
                text30                         000F6B  000008  000F73      1ED6       0  CODE        2
                text29                         000F73  000008  000F7B      1EE6       0  CODE        2
                text28                         000F7B  000008  000F83      1EF6       0  CODE        2
                text40                         000F83  000009  000F8C      1F06       0  CODE        2
                text27                         000F8C  000009  000F95      1F18       0  CODE        2
                text16                         000F95  000009  000F9E      1F2A       0  CODE        2
                text78                         000F9E  00000A  000FA8      1F3C       0  CODE        2
                text35                         000FA8  00000A  000FB2      1F50       0  CODE        2
                text23                         000FB2  00000A  000FBC      1F64       0  CODE        2
                text11                         000FBC  00000A  000FC6      1F78       0  CODE        2
                text38                         000FC6  00000B  000FD1      1F8C       0  CODE        2
                text8                          000FD1  00000B  000FDC      1FA2       0  CODE        2
                text111                        000FDC  00000C  000FE8      1FB8       0  CODE        2
                text75                         000FE8  00000C  000FF4      1FD0       0  CODE        2
                text73                         000FF4  00000C  001000      1FE8       0  CODE        2
                config                         008007  000003  00800A     1000E       0  CONFIG      2


UNUSED ADDRESS RANGES

        Name                Unused          Largest block    Delta
        BANK0            0005D-0006F              13           1
        BANK1            000D3-000EF              1D           1
        BANK10           00520-0056F              50           1
        BANK11           005A0-005EF              50           1
        BANK12           00620-0064F              30           1
        BANK2            00120-0016F              50           1
        BANK3            001A0-001EF              50           1
        BANK4            00220-0026F              50           1
        BANK5            002A0-002EF              50           1
        BANK6            00320-0036F              50           1
        BANK7            003A0-003EF              50           1
        BANK8            00420-0046F              50           1
        BANK9            004A0-004EF              50           1
        BIGRAM           02000-023EF             3F0           1
        CODE             00800-00E4F             650           2
                         01000-01FFF             800
        CONST            00800-00E4F             100           2
                         01000-01FFF             100
        ENTRY            00800-00E4F             100           2
                         01000-01FFF             100
        IDLOC            08000-08003               4           2
        RAM              0005D-0006F              13           1
                         000D3-000EF              1D
                         00120-0016F              50
                         001A0-001EF              50
                         00220-0026F              50
                         002A0-002EF              50
                         00320-0036F              50
                         003A0-003EF              50
                         00420-0046F              50
                         004A0-004EF              50
                         00520-0056F              50
                         005A0-005EF              50
                         00620-0064F              30
        SFR0             00000-0001F              20           1
        SFR1             00080-0009F              20           1
        SFR10            00500-0051F              20           1
        SFR11            00580-0059F              20           1
        SFR12            00600-0061F              20           1
        SFR13            00680-006EF              70           1
        SFR14            00700-0076F              70           1
        SFR15            00780-007EF              70           1
        SFR16            00800-0086F              70           1
        SFR17            00880-008EF              70           1
        SFR18            00900-0096F              70           1
        SFR19            00980-009EF              70           1
        SFR2             00100-0011F              20           1
        SFR20            00A00-00A6F              70           1
        SFR21            00A80-00AEF              70           1
        SFR22            00B00-00B6F              70           1
        SFR23            00B80-00BEF              70           1
        SFR24            00C00-00C6F              70           1
        SFR25            00C80-00CEF              70           1
        SFR26            00D00-00D6F              70           1
        SFR27            00D80-00DEF              70           1
        SFR28            00E00-00E6F              70           1
        SFR29            00E80-00EEF              70           1
        SFR3             00180-0019F              20           1
        SFR30            00F00-00F6F              70           1
        SFR31            00F80-00FEF              70           1
        SFR4             00200-0021F              20           1
        SFR5             00280-0029F              20           1
        SFR6             00300-0031F              20           1
        SFR7             00380-0039F              20           1
        SFR8             00400-0041F              20           1
        SFR9             00480-0049F              20           1
        STACK            02083-023EF             36D           1
        STRCODE          00800-00E4F             650           2
                         01000-01FFF            1000
        STRING           00800-00E4F             100           2
                         01000-01FFF             100

                                  Symbol Table

?_I2C_Read2ByteRegister                        cstackBANK0  0003F
EUSART_SetErrorHandler@interruptHandler        cstackBANK0  0004D
EUSART_SetFramingErrorHandler@interruptHandler cstackBANK0  0004D
EUSART_SetOverrunErrorHandler@interruptHandler cstackBANK0  0004D
EUSART_SetRxInterruptHandler@interruptHandler  cstackBANK0  0004D
EUSART_Write@txData                            cstackCOMMON 00070
I2C_CallbackReturnReset@funPtr                 cstackBANK0  00053
I2C_Close@returnValue                          cstackBANK0  0004E
I2C_MasterOperation@read                       cstackBANK1  000C7
I2C_MasterOperation@returnValue                cstackBANK1  000C8
I2C_MasterSendTxData@data                      cstackBANK0  0004D
I2C_Open@address                               cstackBANK0  0004E
I2C_Open@returnValue                           cstackBANK0  0004F
I2C_Read2ByteRegister@address                  cstackBANK0  00045
I2C_Read2ByteRegister@reg                      cstackBANK0  0003F
I2C_Read2ByteRegister@returnValue              cstackBANK0  00046
I2C_SetAddressNackCallback@cb                  cstackBANK1  000BD
I2C_SetAddressNackCallback@ptr                 cstackBANK1  000BF
I2C_SetBuffer@buffer                           cstackBANK0  00050
I2C_SetBuffer@bufferSize                       cstackBANK0  0004D
I2C_SetCallback@cb                             cstackBANK0  0004D
I2C_SetCallback@idx                            cstackBANK0  00051
I2C_SetCallback@ptr                            cstackBANK0  0004F
I2C_SetDataCompleteCallback@cb                 cstackBANK1  000BD
I2C_SetDataCompleteCallback@ptr                cstackBANK1  000BF
I2C_Write1ByteRegister@address                 cstackBANK1  000CC
I2C_Write1ByteRegister@data                    cstackBANK1  000CA
I2C_Write1ByteRegister@reg                     cstackBANK1  000C9
MyTimer2ISR@g                                  cstackBANK0  0004A
MyUART_ISR@c                                   cstackCOMMON 00075
PWM3_LoadDutyValue@dutyValue                   cstackCOMMON 00070
TMR2_Counter8BitSet@timerVal                   cstackBANK0  0004D
TMR2_SetInterruptHandler@InterruptHandler      cstackBANK0  0004D
TMR2_WriteTimer@timerVal                       cstackBANK0  0004E
_ANSELA                                        (abs)        0018C
_ANSELB                                        (abs)        0018D
_ANSELC                                        (abs)        0018E
_Angle                                         dataBANK0    0005A
_BAUD1CON                                      (abs)        0019F
_BORCON                                        (abs)        00116
_CCPTMRSbits                                   (abs)        0029E
_Data                                          bssBANK0     00035
_EUSART_DefaultErrorHandler                    text126      00E55
_EUSART_DefaultFramingErrorHandler             text125      00E50
_EUSART_DefaultOverrunErrorHandler             text124      00E97
_EUSART_ErrorHandler                           nvBANK1      000CF
_EUSART_FramingErrorHandler                    nvBANK0      00056
_EUSART_Initialize                             text12       00415
_EUSART_OverrunErrorHandler                    nvBANK1      000D1
_EUSART_Receive_ISR                            text121      003E0
_EUSART_RxDataHandler                          text127      006A0
_EUSART_RxDefaultInterruptHandler              nvBANK0      00058
_EUSART_SetErrorHandler                        text16       00F95
_EUSART_SetFramingErrorHandler                 text15       00F0F
_EUSART_SetOverrunErrorHandler                 text14       007F7
_EUSART_SetRxInterruptHandler                  text13       00F15
_EUSART_Write                                  text123      00F3B
_I2C_CallbackReturnReset                       text49       00EFD
_I2C_CallbackReturnReset$intlevel0             text49       00F01
_I2C_CallbackReturnStop                        text50       00EF7
_I2C_CallbackReturnStop$intlevel0              text50       00EFB
_I2C_Close                                     text62       005FD
_I2C_DO_ADDRESS_NACK                           text26       004FD
_I2C_DO_ADDRESS_NACK$intlevel0                 text26       00501
_I2C_DO_IDLE                                   text40       00F83
_I2C_DO_IDLE$intlevel0                         text40       00F87
_I2C_DO_RCEN                                   text35       00FA8
_I2C_DO_RCEN$intlevel0                         text35       00FAC
_I2C_DO_RESET                                  text27       00F8C
_I2C_DO_RESET$intlevel0                        text27       00F90
_I2C_DO_RX                                     text36       002B6
_I2C_DO_RX$intlevel0                           text36       002BA
_I2C_DO_RX_ACK                                 text30       00F6B
_I2C_DO_RX_ACK$intlevel0                       text30       00F6F
_I2C_DO_RX_NACK_RESTART                        text28       00F7B
_I2C_DO_RX_NACK_RESTART$intlevel0              text28       00F7F
_I2C_DO_RX_NACK_STOP                           text29       00F73
_I2C_DO_RX_NACK_STOP$intlevel0                 text29       00F77
_I2C_DO_SEND_ADR_READ                          text39       007DF
_I2C_DO_SEND_ADR_READ$intlevel0                text39       007E3
_I2C_DO_SEND_ADR_WRITE                         text38       00FC6
_I2C_DO_SEND_ADR_WRITE$intlevel0               text38       00FCA
_I2C_DO_SEND_RESTART                           text32       00F5B
_I2C_DO_SEND_RESTART$intlevel0                 text32       00F5F
_I2C_DO_SEND_RESTART_READ                      text34       00F4B
_I2C_DO_SEND_RESTART_READ$intlevel0            text34       00F4F
_I2C_DO_SEND_RESTART_WRITE                     text33       00F53
_I2C_DO_SEND_RESTART_WRITE$intlevel0           text33       00F57
_I2C_DO_SEND_STOP                              text31       00F63
_I2C_DO_SEND_STOP$intlevel0                    text31       00F67
_I2C_DO_TX                                     text37       001D9
_I2C_DO_TX$794                                 cstackBANK1  000C1
_I2C_DO_TX$intlevel0                           text37       001DD
_I2C_DO_TX_EMPTY                               text41       004A8
_I2C_DO_TX_EMPTY$intlevel0                     text41       004AC
_I2C_Initialize                                text11       00FBC
_I2C_MasterClearIrq                            text65       00E73
_I2C_MasterClose                               text64       00E76
_I2C_MasterDisableIrq                          text63       00E79
_I2C_MasterEnableRestart                       text60       00E7F
_I2C_MasterFsm                                 text25       00525
_I2C_MasterGetRxData                           text46       00E88
_I2C_MasterIsNack                              text43       00F09
_I2C_MasterOpen                                text20       007D3
_I2C_MasterOperation                           text22       00656
_I2C_MasterSendAck                             text45       00ECB
_I2C_MasterSendNack                            text47       00EC7
_I2C_MasterSendTxData                          text44       00F03
_I2C_MasterSetIrq                              text42       00E8B
_I2C_MasterStart                               text61       00E7C
_I2C_MasterStartRx                             text48       00E85
_I2C_MasterStop                                text59       00E82
_I2C_MasterWaitForEvent                        text24       00ECF
_I2C_MasterWrite                               text21       00ED3
_I2C_Open                                      text19       002F6
_I2C_Poller                                    text23       00FB2
_I2C_Read2ByteRegister                         text72       00274
_I2C_SetAddressNackCallback                    text18       00761
_I2C_SetBuffer                                 text58       0073A
_I2C_SetCallback                               text57       0054C
_I2C_SetDataCompleteCallback                   text56       00773
_I2C_Status                                    bssBANK1     000A0
_I2C_Write1ByteRegister                        text17       00448
_INLVLA                                        (abs)        0038C
_INLVLB                                        (abs)        0038D
_INLVLC                                        (abs)        0038E
_INTCONbits                                    (abs)        0000B
_INTERRUPT_InterruptManager                    intentry     00004
_LATA                                          (abs)        0010C
_LATAbits                                      (abs)        0010C
_LATB                                          (abs)        0010D
_LATC                                          (abs)        0010E
_LATCbits                                      (abs)        0010E
_MyTimer2ISR                                   text68       0016C
_MyUART_ISR                                    text122      00045
_ODCONA                                        (abs)        0028C
_ODCONB                                        (abs)        0028D
_ODCONC                                        (abs)        0028E
_OPTION_REGbits                                (abs)        00095
_OSCCON                                        (abs)        00099
_OSCILLATOR_Initialize                         text10       00F34
_OSCTUNE                                       (abs)        00098
_PIE1bits                                      (abs)        00090
_PIN_MANAGER_Initialize                        text9        00334
_PIR1bits                                      (abs)        00010
_PIR2bits                                      (abs)        00011
_PORTAbits                                     (abs)        0000C
_PR2                                           (abs)        0001B
_PWM3CON                                       (abs)        00619
_PWM3DCH                                       (abs)        00618
_PWM3DCL                                       (abs)        00617
_PWM3_Initialize                               text8        00FD1
_PWM3_LoadDutyValue                            text71       0070F
_PosUart                                       bssBANK0     00033
_RA2PPS                                        (abs)        00E92
_RB4PPS                                        (abs)        00E9C
_RB6PPS                                        (abs)        00E9E
_RB7PPS                                        (abs)        00E9F
_RC1REG                                        (abs)        00199
_RC1STA                                        (abs)        0019D
_RC1STAbits                                    (abs)        0019D
_RXPPS                                         (abs)        00E24
_SLRCONA                                       (abs)        0030C
_SLRCONB                                       (abs)        0030D
_SLRCONC                                       (abs)        0030E
_SPBRGH                                        (abs)        0019C
_SPBRGL                                        (abs)        0019B
_SSP1ADD                                       (abs)        00212
_SSP1BUF                                       (abs)        00211
_SSP1CON1                                      (abs)        00215
_SSP1CON1bits                                  (abs)        00215
_SSP1CON2                                      (abs)        00216
_SSP1CON2bits                                  (abs)        00216
_SSP1STAT                                      (abs)        00214
_SSP1STATbits                                  (abs)        00214
_SSPCLKPPS                                     (abs)        00E20
_SSPDATPPS                                     (abs)        00E21
_SYSTEM_Initialize                             text5        0074F
_SateLeds                                      bssBANK0     00032
_T2CLKCON                                      (abs)        0001E
_T2CON                                         (abs)        0001C
_T2CONbits                                     (abs)        0001C
_T2HLT                                         (abs)        0001D
_T2HLTbits                                     (abs)        0001D
_T2PR                                          (abs)        0001B
_T2RST                                         (abs)        0001F
_T2RSTbits                                     (abs)        0001F
_T2TMR                                         (abs)        0001A
_TMR2                                          (abs)        0001A
_TMR2_Counter8BitSet                           text2        00EE6
_TMR2_DefaultInterruptHandler                  text69       00003
_TMR2_ISR                                      text67       007EB
_TMR2_Initialize                               text6        00725
_TMR2_InterruptHandler                         nvBANK0      00054
_TMR2_SetInterruptHandler                      text7        00F1B
_TMR2_Start                                    text4        00E8E
_TMR2_StartTimer                               text3        00E91
_TMR2_WriteTimer                               text1        00F21
_TRISA                                         (abs)        0008C
_TRISB                                         (abs)        0008D
_TRISC                                         (abs)        0008E
_TX1REG                                        (abs)        0019A
_TX1STA                                        (abs)        0019E
_TX1STAbits                                    (abs)        0019E
_Type                                          bssBANK0     00034
_Validation                                    dataBANK0    0005C
_Vitesse                                       bssBANK0     00030
_WPUA                                          (abs)        0020C
_WPUB                                          (abs)        0020D
_WPUC                                          (abs)        0020E
__CFG_BOREN$ON                                 (abs)        00000
__CFG_BORV$LO                                  (abs)        00000
__CFG_CLKOUTEN$OFF                             (abs)        00000
__CFG_CP$OFF                                   (abs)        00000
__CFG_FCMEN$ON                                 (abs)        00000
__CFG_FOSC$INTOSC                              (abs)        00000
__CFG_IESO$ON                                  (abs)        00000
__CFG_LPBOR$OFF                                (abs)        00000
__CFG_LVP$ON                                   (abs)        00000
__CFG_MCLRE$ON                                 (abs)        00000
__CFG_PLLEN$ON                                 (abs)        00000
__CFG_PPS1WAY$ON                               (abs)        00000
__CFG_PWRTE$OFF                                (abs)        00000
__CFG_STVREN$ON                                (abs)        00000
__CFG_WDTCCS$SWC                               (abs)        00000
__CFG_WDTCPS$WDTCPS1F                          (abs)        00000
__CFG_WDTCWS$WDTCWSSW                          (abs)        00000
__CFG_WDTE$OFF                                 (abs)        00000
__CFG_WRT$OFF                                  (abs)        00000
__CFG_ZCD$OFF                                  (abs)        00000
__Habs1                                        abs1         00000
__Hbank0                                       bank0        00000
__Hbank1                                       bank1        00000
__Hbank10                                      bank10       00000
__Hbank11                                      bank11       00000
__Hbank12                                      bank12       00000
__Hbank13                                      bank13       00000
__Hbank14                                      bank14       00000
__Hbank15                                      bank15       00000
__Hbank16                                      bank16       00000
__Hbank17                                      bank17       00000
__Hbank18                                      bank18       00000
__Hbank19                                      bank19       00000
__Hbank2                                       bank2        00000
__Hbank20                                      bank20       00000
__Hbank21                                      bank21       00000
__Hbank22                                      bank22       00000
__Hbank23                                      bank23       00000
__Hbank24                                      bank24       00000
__Hbank25                                      bank25       00000
__Hbank26                                      bank26       00000
__Hbank27                                      bank27       00000
__Hbank28                                      bank28       00000
__Hbank29                                      bank29       00000
__Hbank3                                       bank3        00000
__Hbank30                                      bank30       00000
__Hbank31                                      bank31       00000
__Hbank4                                       bank4        00000
__Hbank5                                       bank5        00000
__Hbank6                                       bank6        00000
__Hbank7                                       bank7        00000
__Hbank8                                       bank8        00000
__Hbank9                                       bank9        00000
__Hbigram                                      bigram       00000
__HbssBANK0                                    bssBANK0     00000
__HbssBANK1                                    bssBANK1     00000
__Hcinit                                       cinit        00045
__Hclrtext                                     clrtext      00000
__Hcode                                        code         00000
__Hcommon                                      common       00000
__Hconfig                                      config       0800A
__HcstackBANK0                                 cstackBANK0  00000
__HcstackBANK1                                 cstackBANK1  00000
__HcstackCOMMON                                cstackCOMMON 00000
__HdataBANK0                                   dataBANK0    00000
__Heeprom_data                                 eeprom_data  00000
__Hend_init                                    end_init     00026
__Hfunctab                                     functab      00000
__HidataBANK0                                  idataBANK0   00000
__Hidloc                                       idloc        00000
__Hinit                                        init         00024
__Hintentry                                    intentry     00024
__Hmaintext                                    maintext     00000
__HnvBANK0                                     nvBANK0      00000
__HnvBANK1                                     nvBANK1      00000
__Hpowerup                                     powerup      00000
__Hram                                         ram          00000
__Hreset_vec                                   reset_vec    00003
__Hsfr0                                        sfr0         00000
__Hsfr1                                        sfr1         00000
__Hsfr10                                       sfr10        00000
__Hsfr11                                       sfr11        00000
__Hsfr12                                       sfr12        00000
__Hsfr13                                       sfr13        00000
__Hsfr14                                       sfr14        00000
__Hsfr15                                       sfr15        00000
__Hsfr16                                       sfr16        00000
__Hsfr17                                       sfr17        00000
__Hsfr18                                       sfr18        00000
__Hsfr19                                       sfr19        00000
__Hsfr2                                        sfr2         00000
__Hsfr20                                       sfr20        00000
__Hsfr21                                       sfr21        00000
__Hsfr22                                       sfr22        00000
__Hsfr23                                       sfr23        00000
__Hsfr24                                       sfr24        00000
__Hsfr25                                       sfr25        00000
__Hsfr26                                       sfr26        00000
__Hsfr27                                       sfr27        00000
__Hsfr28                                       sfr28        00000
__Hsfr29                                       sfr29        00000
__Hsfr3                                        sfr3         00000
__Hsfr30                                       sfr30        00000
__Hsfr31                                       sfr31        00000
__Hsfr4                                        sfr4         00000
__Hsfr5                                        sfr5         00000
__Hsfr6                                        sfr6         00000
__Hsfr7                                        sfr7         00000
__Hsfr8                                        sfr8         00000
__Hsfr9                                        sfr9         00000
__Hspace_0                                     (abs)        0800A
__Hspace_1                                     (abs)        000D3
__Hspace_2                                     (abs)        00000
__Hspace_3                                     (abs)        00000
__Hstack                                       stack        00000
__Hstrings                                     strings      00000
__Hstringtext1                                 stringtext1  00000
__Htext                                        text         00000
__Labs1                                        abs1         00000
__Lbank0                                       bank0        00000
__Lbank1                                       bank1        00000
__Lbank10                                      bank10       00000
__Lbank11                                      bank11       00000
__Lbank12                                      bank12       00000
__Lbank13                                      bank13       00000
__Lbank14                                      bank14       00000
__Lbank15                                      bank15       00000
__Lbank16                                      bank16       00000
__Lbank17                                      bank17       00000
__Lbank18                                      bank18       00000
__Lbank19                                      bank19       00000
__Lbank2                                       bank2        00000
__Lbank20                                      bank20       00000
__Lbank21                                      bank21       00000
__Lbank22                                      bank22       00000
__Lbank23                                      bank23       00000
__Lbank24                                      bank24       00000
__Lbank25                                      bank25       00000
__Lbank26                                      bank26       00000
__Lbank27                                      bank27       00000
__Lbank28                                      bank28       00000
__Lbank29                                      bank29       00000
__Lbank3                                       bank3        00000
__Lbank30                                      bank30       00000
__Lbank31                                      bank31       00000
__Lbank4                                       bank4        00000
__Lbank5                                       bank5        00000
__Lbank6                                       bank6        00000
__Lbank7                                       bank7        00000
__Lbank8                                       bank8        00000
__Lbank9                                       bank9        00000
__Lbigram                                      bigram       00000
__LbssBANK0                                    bssBANK0     00000
__LbssBANK1                                    bssBANK1     00000
__Lcinit                                       cinit        00026
__Lclrtext                                     clrtext      00000
__Lcode                                        code         00000
__Lcommon                                      common       00000
__Lconfig                                      config       08007
__LcstackBANK0                                 cstackBANK0  00000
__LcstackBANK1                                 cstackBANK1  00000
__LcstackCOMMON                                cstackCOMMON 00000
__LdataBANK0                                   dataBANK0    00000
__Leeprom_data                                 eeprom_data  00000
__Lend_init                                    end_init     00024
__Lfunctab                                     functab      00000
__LidataBANK0                                  idataBANK0   00000
__Lidloc                                       idloc        00000
__Linit                                        init         00024
__Lintentry                                    intentry     00004
__Lmaintext                                    maintext     00000
__LnvBANK0                                     nvBANK0      00000
__LnvBANK1                                     nvBANK1      00000
__Lpowerup                                     powerup      00000
__Lram                                         ram          00000
__Lreset_vec                                   reset_vec    00000
__Lsfr0                                        sfr0         00000
__Lsfr1                                        sfr1         00000
__Lsfr10                                       sfr10        00000
__Lsfr11                                       sfr11        00000
__Lsfr12                                       sfr12        00000
__Lsfr13                                       sfr13        00000
__Lsfr14                                       sfr14        00000
__Lsfr15                                       sfr15        00000
__Lsfr16                                       sfr16        00000
__Lsfr17                                       sfr17        00000
__Lsfr18                                       sfr18        00000
__Lsfr19                                       sfr19        00000
__Lsfr2                                        sfr2         00000
__Lsfr20                                       sfr20        00000
__Lsfr21                                       sfr21        00000
__Lsfr22                                       sfr22        00000
__Lsfr23                                       sfr23        00000
__Lsfr24                                       sfr24        00000
__Lsfr25                                       sfr25        00000
__Lsfr26                                       sfr26        00000
__Lsfr27                                       sfr27        00000
__Lsfr28                                       sfr28        00000
__Lsfr29                                       sfr29        00000
__Lsfr3                                        sfr3         00000
__Lsfr30                                       sfr30        00000
__Lsfr31                                       sfr31        00000
__Lsfr4                                        sfr4         00000
__Lsfr5                                        sfr5         00000
__Lsfr6                                        sfr6         00000
__Lsfr7                                        sfr7         00000
__Lsfr8                                        sfr8         00000
__Lsfr9                                        sfr9         00000
__Lspace_0                                     (abs)        00000
__Lspace_1                                     (abs)        00000
__Lspace_2                                     (abs)        00000
__Lspace_3                                     (abs)        00000
__Lstack                                       stack        00000
__Lstrings                                     strings      00000
__Lstringtext1                                 stringtext1  00000
__Ltext                                        text         00000
__S0                                           (abs)        0800A
__S1                                           (abs)        000D3
__S2                                           (abs)        00000
___int_sp                                      stack        00000
___latbits                                     (abs)        00002
___sp                                          stack        00000
__end_of_EUSART_DefaultErrorHandler            text126      00E58
__end_of_EUSART_DefaultFramingErrorHandler     text125      00E51
__end_of_EUSART_DefaultOverrunErrorHandler     text124      00E9B
__end_of_EUSART_Initialize                     text12       00448
__end_of_EUSART_Receive_ISR                    text121      00415
__end_of_EUSART_RxDataHandler                  text127      006B7
__end_of_EUSART_SetErrorHandler                text16       00F9E
__end_of_EUSART_SetFramingErrorHandler         text15       00F15
__end_of_EUSART_SetOverrunErrorHandler         text14       00800
__end_of_EUSART_SetRxInterruptHandler          text13       00F1B
__end_of_EUSART_Write                          text123      00F43
__end_of_I2C_CallbackReturnReset               text49       00F03
__end_of_I2C_CallbackReturnStop                text50       00EFD
__end_of_I2C_Close                             text62       0061B
__end_of_I2C_DO_ADDRESS_NACK                   text26       00525
__end_of_I2C_DO_IDLE                           text40       00F8C
__end_of_I2C_DO_RCEN                           text35       00FB2
__end_of_I2C_DO_RESET                          text27       00F95
__end_of_I2C_DO_RX                             text36       002F6
__end_of_I2C_DO_RX_ACK                         text30       00F73
__end_of_I2C_DO_RX_NACK_RESTART                text28       00F83
__end_of_I2C_DO_RX_NACK_STOP                   text29       00F7B
__end_of_I2C_DO_SEND_ADR_READ                  text39       007EB
__end_of_I2C_DO_SEND_ADR_WRITE                 text38       00FD1
__end_of_I2C_DO_SEND_RESTART                   text32       00F63
__end_of_I2C_DO_SEND_RESTART_READ              text34       00F53
__end_of_I2C_DO_SEND_RESTART_WRITE             text33       00F5B
__end_of_I2C_DO_SEND_STOP                      text31       00F6B
__end_of_I2C_DO_TX                             text37       00229
__end_of_I2C_DO_TX_EMPTY                       text41       004D3
__end_of_I2C_Initialize                        text11       00FC6
__end_of_I2C_MasterClearIrq                    text65       00E76
__end_of_I2C_MasterClose                       text64       00E79
__end_of_I2C_MasterDisableIrq                  text63       00E7C
__end_of_I2C_MasterEnableRestart               text60       00E82
__end_of_I2C_MasterFsm                         text25       0054C
__end_of_I2C_MasterGetRxData                   text46       00E8B
__end_of_I2C_MasterIsNack                      text43       00F0F
__end_of_I2C_MasterOpen                        text20       007DF
__end_of_I2C_MasterOperation                   text22       00670
__end_of_I2C_MasterSendAck                     text45       00ECF
__end_of_I2C_MasterSendNack                    text47       00ECB
__end_of_I2C_MasterSendTxData                  text44       00F09
__end_of_I2C_MasterSetIrq                      text42       00E8E
__end_of_I2C_MasterStart                       text61       00E7F
__end_of_I2C_MasterStartRx                     text48       00E88
__end_of_I2C_MasterStop                        text59       00E85
__end_of_I2C_MasterWaitForEvent                text24       00ED3
__end_of_I2C_MasterWrite                       text21       00ED7
__end_of_I2C_Open                              text19       00334
__end_of_I2C_Poller                            text23       00FBC
__end_of_I2C_Read2ByteRegister                 text72       002B6
__end_of_I2C_SetAddressNackCallback            text18       00773
__end_of_I2C_SetBuffer                         text58       0074F
__end_of_I2C_SetCallback                       text57       00571
__end_of_I2C_SetDataCompleteCallback           text56       00785
__end_of_I2C_Write1ByteRegister                text17       00479
__end_of_INTERRUPT_InterruptManager            intentry     00024
__end_of_MyTimer2ISR                           text68       001D9
__end_of_MyUART_ISR                            text122      000FD
__end_of_OSCILLATOR_Initialize                 text10       00F3B
__end_of_PIN_MANAGER_Initialize                text9        0036F
__end_of_PWM3_Initialize                       text8        00FDC
__end_of_PWM3_LoadDutyValue                    text71       00725
__end_of_SYSTEM_Initialize                     text5        00761
__end_of_TMR2_Counter8BitSet                   text2        00EEB
__end_of_TMR2_DefaultInterruptHandler          text69       00004
__end_of_TMR2_ISR                              text67       007F7
__end_of_TMR2_Initialize                       text6        0073A
__end_of_TMR2_SetInterruptHandler              text7        00F21
__end_of_TMR2_Start                            text4        00E91
__end_of_TMR2_StartTimer                       text3        00E94
__end_of_TMR2_WriteTimer                       text1        00F27
__end_of__initialization                       cinit        00041
__end_of_fsmStateTable                         stringtext1  005FD
__end_of_main                                  maintext     0016C
__end_of_rd1RegCompleteHandler                 text54       006F9
__end_of_rd2RegCompleteHandler                 text53       006E3
__end_of_rdBlkRegCompleteHandler               text51       00656
__end_of_wr1RegCompleteHandler                 text52       006CD
__end_of_wr2RegCompleteHandler                 text55       0070F
__end_ofi1_I2C_CallbackReturnReset             text104      00E55
__end_ofi1_I2C_CallbackReturnStop              text105      00E53
__end_ofi1_I2C_Close                           text117      00689
__end_ofi1_I2C_DO_ADDRESS_NACK                 text81       005DD
__end_ofi1_I2C_DO_IDLE                         text95       00EE1
__end_ofi1_I2C_DO_RCEN                         text90       00EF7
__end_ofi1_I2C_DO_RESET                        text82       00EE6
__end_ofi1_I2C_DO_RX                           text91       003A9
__end_ofi1_I2C_DO_RX_ACK                       text85       00EB7
__end_ofi1_I2C_DO_RX_NACK_RESTART              text83       00EBF
__end_ofi1_I2C_DO_RX_NACK_STOP                 text84       00EBB
__end_ofi1_I2C_DO_SEND_ADR_READ                text94       00F4B
__end_ofi1_I2C_DO_SEND_ADR_WRITE               text93       00F34
__end_ofi1_I2C_DO_SEND_RESTART                 text87       00EAF
__end_ofi1_I2C_DO_SEND_RESTART_READ            text89       00EA7
__end_ofi1_I2C_DO_SEND_RESTART_WRITE           text88       00EAB
__end_ofi1_I2C_DO_SEND_STOP                    text86       00EB3
__end_ofi1_I2C_DO_TX                           text92       00274
__end_ofi1_I2C_DO_TX_EMPTY                     text96       00596
__end_ofi1_I2C_MasterClearIrq                  text120      00E5B
__end_ofi1_I2C_MasterClose                     text119      00E5E
__end_ofi1_I2C_MasterDisableIrq                text118      00E61
__end_ofi1_I2C_MasterEnableRestart             text115      00E67
__end_ofi1_I2C_MasterFsm                       text80       004FD
__end_ofi1_I2C_MasterGetRxData                 text101      00E70
__end_ofi1_I2C_MasterIsNack                    text98       00EF1
__end_ofi1_I2C_MasterOpen                      text75       00FF4
__end_ofi1_I2C_MasterOperation                 text77       00639
__end_ofi1_I2C_MasterSendAck                   text100      00EA3
__end_ofi1_I2C_MasterSendNack                  text102      00E9F
__end_ofi1_I2C_MasterSendTxData                text99       00EDC
__end_ofi1_I2C_MasterSetIrq                    text97       00E73
__end_ofi1_I2C_MasterStart                     text116      00E64
__end_ofi1_I2C_MasterStartRx                   text103      00E6D
__end_ofi1_I2C_MasterStop                      text114      00E6A
__end_ofi1_I2C_MasterWaitForEvent              text79       00EC3
[...]
      Temps:          0       0       0       0       0       0       0       0       0       0       0       0       0       0
      Totals:         0       0       0       0       0       0       0       0       0       0       0       0       0       0
Total ram usage:        0 bytes
 Hardware stack levels used:    1
 This function calls:
		Nothing
 This function is called by:
		i1_I2C_Close
 This function uses a non-reentrant model


 *************** function i1_I2C_MasterClose *****************
 Defined at:
		line 557 in file "mcc_generated_files/i2c_master.c"
 Parameters:    Size  Location     Type
		None
 Auto vars:     Size  Location     Type
		None
 Return value:  Size  Location     Type
                  1    wreg      void 
 Registers used:
		None
 Tracked objects:
		On entry : 
		On exit  : 
		Unchanged: 
 Data sizes:     COMMON   BANK0   BANK1   BANK2   BANK3   BANK4   BANK5   BANK6   BANK7   BANK8   BANK9  BANK10  BANK11  BANK12
      Params:         0       0       0       0       0       0       0       0       0       0       0       0       0       0
      Locals:         0       0       0       0       0       0       0       0       0       0       0       0       0       0
      Temps:          0       0       0       0       0       0       0       0       0       0       0       0       0       0
      Totals:         0       0       0       0       0       0       0       0       0       0       0       0       0       0
Total ram usage:        0 bytes
 Hardware stack levels used:    1
 This function calls:
		Nothing
 This function is called by:
		i1_I2C_Close
 This function uses a non-reentrant model


 *************** function i1_I2C_MasterClearIrq *****************
 Defined at:
		line 640 in file "mcc_generated_files/i2c_master.c"
 Parameters:    Size  Location     Type
		None
 Auto vars:     Size  Location     Type
		None
 Return value:  Size  Location     Type
                  1    wreg      void 
 Registers used:
		None
 Tracked objects:
		On entry : 
		On exit  : 
		Unchanged: 
 Data sizes:     COMMON   BANK0   BANK1   BANK2   BANK3   BANK4   BANK5   BANK6   BANK7   BANK8   BANK9  BANK10  BANK11  BANK12
      Params:         0       0       0       0       0       0       0       0       0       0       0       0       0       0
      Locals:         0       0       0       0       0       0       0       0       0       0       0       0       0       0
      Temps:          0       0       0       0       0       0       0       0       0       0       0       0       0       0
      Totals:         0       0       0       0       0       0       0       0       0       0       0       0       0       0
Total ram usage:        0 bytes
 Hardware stack levels used:    1
 This function calls:
		Nothing
 This function is called by:
		i1_I2C_Open
		i1_I2C_Close
		i1_I2C_MasterFsm
 This function uses a non-reentrant model


 *************** function _EUSART_Receive_ISR *****************
 Defined at:
		line 173 in file "mcc_generated_files/eusart.c"
 Parameters:    Size  Location     Type
		None
 Auto vars:     Size  Location     Type
		None
 Return value:  Size  Location     Type
                  1    wreg      void 
 Registers used:
		wreg, fsr1l, fsr1h, status,2, status,0, pclath, cstack
 Tracked objects:
		On entry : 
		On exit  : 
		Unchanged: 
 Data sizes:     COMMON   BANK0   BANK1   BANK2   BANK3   BANK4   BANK5   BANK6   BANK7   BANK8   BANK9  BANK10  BANK11  BANK12
      Params:         0       0       0       0       0       0       0       0       0       0       0       0       0       0
      Locals:         0       0       0       0       0       0       0       0       0       0       0       0       0       0
      Temps:          0       0       0       0       0       0       0       0       0       0       0       0       0       0
      Totals:         0       0       0       0       0       0       0       0       0       0       0       0       0       0
Total ram usage:        0 bytes
 Hardware stack levels used:    1
 Hardware stack levels required when called:    2
 This function calls:
		Absolute function
		_EUSART_DefaultErrorHandler
		_EUSART_DefaultFramingErrorHandler
		_EUSART_DefaultOverrunErrorHandler
		_EUSART_RxDataHandler
 This function is called by:
		_EUSART_Initialize
		_INTERRUPT_InterruptManager
 This function uses a non-reentrant model


 *************** function _MyUART_ISR *****************
 Defined at:
		line 91 in file "main.c"
 Parameters:    Size  Location     Type
		None
 Auto vars:     Size  Location     Type
  c               1    5[COMMON] unsigned char 
 Return value:  Size  Location     Type
                  1    wreg      void 
 Registers used:
		wreg, fsr0l, fsr0h, status,2, status,0, pclath, cstack
 Tracked objects:
		On entry : 
		On exit  : 
		Unchanged: 
 Data sizes:     COMMON   BANK0   BANK1   BANK2   BANK3   BANK4   BANK5   BANK6   BANK7   BANK8   BANK9  BANK10  BANK11  BANK12
      Params:         0       0       0       0       0       0       0       0       0       0       0       0       0       0
      Locals:         1       0       0       0       0       0       0       0       0       0       0       0       0       0
      Temps:          4       0       0       0       0       0       0       0       0       0       0       0       0       0
      Totals:         5       0       0       0       0       0       0       0       0       0       0       0       0       0
Total ram usage:        5 bytes
 Hardware stack levels used:    1
 Hardware stack levels required when called:    1
 This function calls:
		_EUSART_Write
 This function is called by:
		_main
		_INTERRUPT_InterruptManager
 This function uses a non-reentrant model


 *************** function _EUSART_Write *****************
 Defined at:
		line 162 in file "mcc_generated_files/eusart.c"
 Parameters:    Size  Location     Type
  txData          1    wreg     unsigned char 
 Auto vars:     Size  Location     Type
  txData          1    0[COMMON] unsigned char 
 Return value:  Size  Location     Type
                  1    wreg      void 
 Registers used:
		wreg
 Tracked objects:
		On entry : 
		On exit  : 
		Unchanged: 
 Data sizes:     COMMON   BANK0   BANK1   BANK2   BANK3   BANK4   BANK5   BANK6   BANK7   BANK8   BANK9  BANK10  BANK11  BANK12
      Params:         0       0       0       0       0       0       0       0       0       0       0       0       0       0
      Locals:         1       0       0       0       0       0       0       0       0       0       0       0       0       0
      Temps:          0       0       0       0       0       0       0       0       0       0       0       0       0       0
      Totals:         1       0       0       0       0       0       0       0       0       0       0       0       0       0
Total ram usage:        1 bytes
 Hardware stack levels used:    1
 This function calls:
		Nothing
 This function is called by:
		_MyTimer2ISR
		_MyUART_ISR
 This function uses a non-reentrant model


 *************** function _EUSART_DefaultOverrunErrorHandler *****************
 Defined at:
		line 209 in file "mcc_generated_files/eusart.c"
 Parameters:    Size  Location     Type
		None
 Auto vars:     Size  Location     Type
		None
 Return value:  Size  Location     Type
                  1    wreg      void 
 Registers used:
		None
 Tracked objects:
		On entry : 
		On exit  : 
		Unchanged: 
 Data sizes:     COMMON   BANK0   BANK1   BANK2   BANK3   BANK4   BANK5   BANK6   BANK7   BANK8   BANK9  BANK10  BANK11  BANK12
      Params:         0       0       0       0       0       0       0       0       0       0       0       0       0       0
      Locals:         0       0       0       0       0       0       0       0       0       0       0       0       0       0
      Temps:          0       0       0       0       0       0       0       0       0       0       0       0       0       0
      Totals:         0       0       0       0       0       0       0       0       0       0       0       0       0       0
Total ram usage:        0 bytes
 Hardware stack levels used:    1
 This function calls:
		Nothing
 This function is called by:
		_EUSART_Initialize
		_EUSART_Receive_ISR
 This function uses a non-reentrant model


 *************** function _EUSART_DefaultFramingErrorHandler *****************
 Defined at:
		line 207 in file "mcc_generated_files/eusart.c"
 Parameters:    Size  Location     Type
		None
 Auto vars:     Size  Location     Type
		None
 Return value:  Size  Location     Type
                  1    wreg      void 
 Registers used:
		None
 Tracked objects:
		On entry : 
		On exit  : 
		Unchanged: 
 Data sizes:     COMMON   BANK0   BANK1   BANK2   BANK3   BANK4   BANK5   BANK6   BANK7   BANK8   BANK9  BANK10  BANK11  BANK12
      Params:         0       0       0       0       0       0       0       0       0       0       0       0       0       0
      Locals:         0       0       0       0       0       0       0       0       0       0       0       0       0       0
      Temps:          0       0       0       0       0       0       0       0       0       0       0       0       0       0
      Totals:         0       0       0       0       0       0       0       0       0       0       0       0       0       0
Total ram usage:        0 bytes
 Hardware stack levels used:    1
 This function calls:
		Nothing
 This function is called by:
		_EUSART_Initialize
		_EUSART_Receive_ISR
 This function uses a non-reentrant model


 *************** function _EUSART_DefaultErrorHandler *****************
 Defined at:
		line 217 in file "mcc_generated_files/eusart.c"
 Parameters:    Size  Location     Type
		None
 Auto vars:     Size  Location     Type
		None
 Return value:  Size  Location     Type
                  1    wreg      void 
 Registers used:
		wreg, fsr1l, fsr1h, status,2, status,0, pclath, cstack
 Tracked objects:
		On entry : 
		On exit  : 
		Unchanged: 
 Data sizes:     COMMON   BANK0   BANK1   BANK2   BANK3   BANK4   BANK5   BANK6   BANK7   BANK8   BANK9  BANK10  BANK11  BANK12
      Params:         0       0       0       0       0       0       0       0       0       0       0       0       0       0
      Locals:         0       0       0       0       0       0       0       0       0       0       0       0       0       0
      Temps:          0       0       0       0       0       0       0       0       0       0       0       0       0       0
      Totals:         0       0       0       0       0       0       0       0       0       0       0       0       0       0
Total ram usage:        0 bytes
 Hardware stack levels used:    1
 Hardware stack levels required when called:    1
 This function calls:
		_EUSART_RxDataHandler
 This function is called by:
		_EUSART_Initialize
		_EUSART_Receive_ISR
 This function uses a non-reentrant model


 *************** function _EUSART_RxDataHandler *****************
 Defined at:
		line 197 in file "mcc_generated_files/eusart.c"
 Parameters:    Size  Location     Type
		None
 Auto vars:     Size  Location     Type
		None
 Return value:  Size  Location     Type
                  1    wreg      void 
 Registers used:
		wreg, fsr1l, fsr1h, status,2, status,0
 Tracked objects:
		On entry : 
		On exit  : 
		Unchanged: 
 Data sizes:     COMMON   BANK0   BANK1   BANK2   BANK3   BANK4   BANK5   BANK6   BANK7   BANK8   BANK9  BANK10  BANK11  BANK12
      Params:         0       0       0       0       0       0       0       0       0       0       0       0       0       0
      Locals:         0       0       0       0       0       0       0       0       0       0       0       0       0       0
      Temps:          1       0       0       0       0       0       0       0       0       0       0       0       0       0
      Totals:         1       0       0       0       0       0       0       0       0       0       0       0       0       0
Total ram usage:        1 bytes
 Hardware stack levels used:    1
 This function calls:
		Nothing
 This function is called by:
		_EUSART_Receive_ISR
		_EUSART_DefaultErrorHandler
 This function uses a non-reentrant model



MODULE INFORMATION

Module		Function		Class		Link	Load	Size
mcc_generated_files/tmr2.c
		_TMR2_ISR      		CODE           	07EB	0000	13
		_TMR2_Initialize		CODE           	0725	0000	22
		_TMR2_Start    		CODE           	0E8E	0000	4
		_TMR2_SetInterruptHandler		CODE           	0F1B	0000	7
		_TMR2_Counter8BitSet		CODE           	0EE6	0000	6
		_TMR2_DefaultInterruptHandler		CODE           	0003	0000	2
		_TMR2_WriteTimer		CODE           	0F21	0000	7
		_TMR2_StartTimer		CODE           	0E91	0000	4

mcc_generated_files/tmr2.c estimated size: 65

mcc_generated_files/interrupt_manager.c
		_INTERRUPT_InterruptManager		CODE           	0004	0000	33

mcc_generated_files/interrupt_manager.c estimated size: 33

mcc_generated_files/examples/i2c_master_example.c
		_wr1RegCompleteHandler		CODE           	06B7	0000	23
		_wr2RegCompleteHandler		CODE           	06F9	0000	23
		_I2C_Write1ByteRegister		CODE           	0448	0000	50
		_I2C_Read2ByteRegister		CODE           	0274	0000	67
		_rdBlkRegCompleteHandler		CODE           	0639	0000	30
		_rd1RegCompleteHandler		CODE           	06E3	0000	23
		_rd2RegCompleteHandler		CODE           	06CD	0000	23

mcc_generated_files/examples/i2c_master_example.c estimated size: 239

mcc_generated_files/pin_manager.c
		_PIN_MANAGER_Initialize		CODE           	0334	0000	60

mcc_generated_files/pin_manager.c estimated size: 60

shared
		i1_I2C_DO_RX_NACK_RESTART		CODE           	0EBB	0000	5
		i1_I2C_SetBuffer		CODE           	07C5	0000	15
		i1_I2C_DO_SEND_RESTART_READ		CODE           	0EA3	0000	5
		i1_I2C_DO_ADDRESS_NACK		CODE           	05BA	0000	36
		i1_I2C_CallbackReturnStop		CODE           	0E51	0000	3
		i1_I2C_DO_RX   		CODE           	036F	0000	59
		i1_I2C_DO_TX   		CODE           	0229	0000	76
		i1_I2C_MasterWaitForEvent		CODE           	0EBF	0000	5
		i1_I2C_DO_IDLE 		CODE           	0EDC	0000	6
		i1_I2C_DO_RCEN 		CODE           	0EF1	0000	7
		i1_I2C_SetAddressNackCallback		CODE           	0FF4	0000	13
		i1_I2C_DO_RESET		CODE           	0EE1	0000	6
		i1_I2C_MasterEnableRestart		CODE           	0E64	0000	4
		i1_rd1RegCompleteHandler		CODE           	07A5	0000	17
		i1_I2C_Poller  		CODE           	0F9E	0000	11
		i1_I2C_MasterOpen		CODE           	0FE8	0000	13
		i1_I2C_Close   		CODE           	0670	0000	26
		i1_I2C_MasterSendTxData		CODE           	0ED7	0000	6
		i1_I2C_DO_SEND_RESTART_WRITE		CODE           	0EA7	0000	5
		i1_I2C_MasterStop		CODE           	0E67	0000	4
		__initialization		CODE           	0026	0000	28
		i1_I2C_DO_RX_ACK		CODE           	0EB3	0000	5
		i1_I2C_DO_SEND_ADR_WRITE		CODE           	0F2D	0000	8
		i1_rd2RegCompleteHandler		CODE           	0795	0000	17
		i1_I2C_CallbackReturnReset		CODE           	0E53	0000	3
		i1_I2C_MasterClose		CODE           	0E5B	0000	4
		i1_I2C_MasterWrite		CODE           	0EC3	0000	5
		i1_I2C_DO_SEND_STOP		CODE           	0EAF	0000	5
		i1_I2C_MasterStartRx		CODE           	0E6A	0000	4
		i1_I2C_SetCallback		CODE           	0596	0000	37
		i1_I2C_SetDataCompleteCallback		CODE           	0FDC	0000	13
		i1_I2C_MasterIsNack		CODE           	0EEB	0000	7
		i1_I2C_Open    		CODE           	03A9	0000	56
		i1_I2C_MasterStart		CODE           	0E61	0000	4
		_fsmStateTable 		STRCODE        	05DD	0000	33
		i1_I2C_MasterClearIrq		CODE           	0E58	0000	4
		i1_I2C_MasterSendNack		CODE           	0E9B	0000	5
		i1_wr1RegCompleteHandler		CODE           	0785	0000	17
		i1_I2C_MasterSendAck		CODE           	0E9F	0000	5
		i1_I2C_DO_SEND_ADR_READ		CODE           	0F43	0000	9
		i1_I2C_DO_RX_NACK_STOP		CODE           	0EB7	0000	5
		i1_I2C_MasterDisableIrq		CODE           	0E5E	0000	4
		i1_I2C_MasterFsm		CODE           	04D3	0000	43
		i1_I2C_MasterGetRxData		CODE           	0E6D	0000	4
		i1_rdBlkRegCompleteHandler		CODE           	0689	0000	24
		i1_I2C_DO_SEND_RESTART		CODE           	0EAB	0000	5
		i1_I2C_MasterSetIrq		CODE           	0E70	0000	4
		i1_I2C_DO_TX_EMPTY		CODE           	0571	0000	38
		i1_wr2RegCompleteHandler		CODE           	07B5	0000	17
		i1_I2C_Write1ByteRegister		CODE           	0479	0000	48
		i1_I2C_MasterOperation		CODE           	061B	0000	31

shared estimated size: 814

mcc_generated_files/mcc.c
		_OSCILLATOR_Initialize		CODE           	0F34	0000	8
		_SYSTEM_Initialize		CODE           	074F	0000	19

mcc_generated_files/mcc.c estimated size: 27

mcc_generated_files/pwm3.c
		_PWM3_Initialize		CODE           	0FD1	0000	12
		_PWM3_LoadDutyValue		CODE           	070F	0000	23

mcc_generated_files/pwm3.c estimated size: 35

mcc_generated_files/i2c_master.c
		_I2C_Close     		CODE           	05FD	0000	31
		_I2C_MasterStartRx		CODE           	0E85	0000	4
		_I2C_DO_SEND_ADR_WRITE		CODE           	0FC6	0000	12
		_I2C_MasterWaitForEvent		CODE           	0ECF	0000	5
		_I2C_DO_SEND_STOP		CODE           	0F63	0000	9
		_I2C_MasterSendNack		CODE           	0EC7	0000	5
		_I2C_MasterDisableIrq		CODE           	0E79	0000	4
		_I2C_CallbackReturnStop		CODE           	0EF7	0000	7
		_I2C_MasterOperation		CODE           	0656	0000	27
		_I2C_DO_SEND_ADR_READ		CODE           	07DF	0000	13
		_I2C_DO_RX_NACK_STOP		CODE           	0F73	0000	9
		_I2C_DO_SEND_RESTART		CODE           	0F5B	0000	9
		_I2C_DO_RX     		CODE           	02B6	0000	65
		_I2C_DO_TX     		CODE           	01D9	0000	81
		_I2C_DO_IDLE   		CODE           	0F83	0000	10
		_I2C_DO_RCEN   		CODE           	0FA8	0000	11
		_I2C_Poller    		CODE           	0FB2	0000	11
		_I2C_DO_RESET  		CODE           	0F8C	0000	10
		_I2C_MasterClose		CODE           	0E76	0000	4
		_I2C_MasterWrite		CODE           	0ED3	0000	5
		_I2C_DO_RX_ACK 		CODE           	0F6B	0000	9
		_I2C_MasterStart		CODE           	0E7C	0000	4
		_I2C_MasterClearIrq		CODE           	0E73	0000	4
		_I2C_MasterGetRxData		CODE           	0E88	0000	4
		_I2C_SetCallback		CODE           	054C	0000	38
		_I2C_DO_ADDRESS_NACK		CODE           	04FD	0000	41
		_I2C_MasterEnableRestart		CODE           	0E7F	0000	4
		_I2C_CallbackReturnReset		CODE           	0EFD	0000	7
		_I2C_Open      		CODE           	02F6	0000	63
		_I2C_SetAddressNackCallback		CODE           	0761	0000	19
		_I2C_DO_TX_EMPTY		CODE           	04A8	0000	44
		_I2C_DO_SEND_RESTART_WRITE		CODE           	0F53	0000	9
		_I2C_MasterIsNack		CODE           	0F09	0000	7
		_I2C_SetDataCompleteCallback		CODE           	0773	0000	19
		_I2C_DO_RX_NACK_RESTART		CODE           	0F7B	0000	9
		_I2C_MasterSendAck		CODE           	0ECB	0000	5
		_I2C_MasterFsm 		CODE           	0525	0000	40
		_I2C_MasterSetIrq		CODE           	0E8B	0000	4
		_I2C_DO_SEND_RESTART_READ		CODE           	0F4B	0000	9
		_I2C_Initialize		CODE           	0FBC	0000	11
		_I2C_SetBuffer 		CODE           	073A	0000	22
		_I2C_MasterOpen		CODE           	07D3	0000	13
		_I2C_MasterSendTxData		CODE           	0F03	0000	7
		_I2C_MasterStop		CODE           	0E82	0000	4

mcc_generated_files/i2c_master.c estimated size: 728

mcc_generated_files/eusart.c
		_EUSART_SetRxInterruptHandler		CODE           	0F15	0000	7
		_EUSART_DefaultOverrunErrorHandler		CODE           	0E97	0000	5
		_EUSART_Write  		CODE           	0F3B	0000	9
		_EUSART_DefaultErrorHandler		CODE           	0E55	0000	4
		_EUSART_Initialize		CODE           	0415	0000	52
		_EUSART_SetFramingErrorHandler		CODE           	0F0F	0000	7
		_EUSART_SetErrorHandler		CODE           	0F95	0000	10
		_EUSART_SetOverrunErrorHandler		CODE           	07F7	0000	10
		_EUSART_Receive_ISR		CODE           	03E0	0000	54
		_EUSART_RxDataHandler		CODE           	06A0	0000	24
		_EUSART_DefaultFramingErrorHandler		CODE           	0E50	0000	2

mcc_generated_files/eusart.c estimated size: 184

main.c
		_MyTimer2ISR   		CODE           	016C	0000	110
		_MyUART_ISR    		CODE           	0045	0000	185
		_main          		CODE           	00FD	0000	112

main.c estimated size: 407

