*****************************************************************
      SolidWorks Corporation - Compte-rendu d'état du Processeur IGES
*****************************************************************
=================================================================
Informations générales
=================================================================
Envoi de l'identification du produit système en cours  : Frame MJM.SLDASM
Réception de l'identification du produit système en cours: Frame MJM.SLDASM
Nom de fichier                    : \\SERVEUR\H-Medias\CAO\Cameras\GoPro\GoPRo Frame for LCD Screen.IGS
Envoi du système en cours               : SolidWorks 2018
Version du préprocesseur         : SolidWorks 2018
Date de création du fichier           : 180525.081617
Date de création du modèle          : 180525.081617
Unités                        : MM
Echelle de l'espace modèle            : 1
Auteur                       : JMMaupin
Organisation                 : 


=================================================================
Informations sur le traitement des entités
=================================================================


=================================================================
Analyse de précision d'un fichier IGES:
=================================================================
  Nombre le plus répandu de chiffres significatifs:              11
  Nombre le plus grand de chiffres significatifs:                     11
  Nombre moyen de chiffres significatifs :                 10.455
  Distance maximale jusqu'à l'origine:                          36.6769
  Distance minimale jusqu'à l'origine:                          34.8077
  Nombre effectif de chiffres significatifs:              9.41744


=================================================================
Récapitulatif des entités
=================================================================
-----------------------------------------------------------------
Nom de type                                         Nombre converti
---- ----                                         ----- ---------
100  Arc                                           1868      1868
102  Composite curve                               7418      7418
110  Line                                         12654     12654
120  Surface of revolution                          439       439
124  Transformation matrix                         1427      1427
126  Rational B-spline curve                      21916     21916
128  Rational B-spline surface                     2903      2903
142  Curve on a parametric surface                 3709      3709
144  Trimmed parametric surface                    3342      3342
308  Subfigure definition                            10        10
314  Color definition                               231       231
408  Singular subfigure instance                     13        13
_________________________________________________________________


=================================================================
Récapitulatif des résultats
=================================================================
Type de fonction SolidWorks                Nombre
-----------------------                -----
Fonction(s) volumique(s)                       19
Fonction(s) surfacique(s)                     0
Fonction(s) de courbe/d'esquisse                0
--------------------------------------------
Heure de début: mercredi, avril 15, 2020 18:19:26
Heure de fin: mercredi, avril 15, 2020 18:20:00
Durée de traitement: 0 days, 00 hours, 00 mins, 34 secs
