*****************************************************************
      SolidWorks Corporation - Compte-rendu d'état du Processeur IGES
*****************************************************************
=================================================================
Informations générales
=================================================================
Envoi de l'identification du produit système en cours  : AssStructSimu.SLDASM
Réception de l'identification du produit système en cours: AssStructSimu.SLDASM
Nom de fichier                    : F:\Nouveau dossier\STL\AssStructSimu.IGS
Envoi du système en cours               : SolidWorks 2017
Version du préprocesseur         : SolidWorks 2017
Date de création du fichier           : 200414.194607
Date de création du modèle          : 200414.194607
Unités                        : MM
Echelle de l'espace modèle            : 1
Auteur                       : Laurent
Organisation                 : 


=================================================================
Informations sur le traitement des entités
=================================================================
ERREUR:   DE#213377, TYPE   128: Ne peut pas créer de surface bspline.
ERREUR:   DE#213377, TYPE   128: Ne peut pas créer de surface bspline.
ERREUR:   DE#213477, TYPE   128: Ne peut pas créer de surface bspline.
ERREUR:   DE#213477, TYPE   128: Ne peut pas créer de surface bspline.
ERREUR:   DE#213577, TYPE   128: Ne peut pas créer de surface bspline.
ERREUR:   DE#213577, TYPE   128: Ne peut pas créer de surface bspline.
ERREUR:   DE#213677, TYPE   128: Ne peut pas créer de surface bspline.
ERREUR:   DE#213677, TYPE   128: Ne peut pas créer de surface bspline.
ERREUR:   DE#213777, TYPE   128: Ne peut pas créer de surface bspline.
ERREUR:   DE#213777, TYPE   128: Ne peut pas créer de surface bspline.
ERREUR:   DE#213877, TYPE   128: Ne peut pas créer de surface bspline.
ERREUR:   DE#213877, TYPE   128: Ne peut pas créer de surface bspline.
ERREUR:   DE#214001, TYPE   144: Problème rencontré dans la boucle d'ajustement extérieure.
ERREUR:   DE#214101, TYPE   144: Problème rencontré dans la boucle d'ajustement extérieure.
ERREUR:   DE#214201, TYPE   144: Problème rencontré dans la boucle d'ajustement extérieure.
ERREUR:   DE#214301, TYPE   144: Problème rencontré dans la boucle d'ajustement extérieure.
ERREUR:   DE#214401, TYPE   144: Problème rencontré dans la boucle d'ajustement extérieure.
ERREUR:   DE#214501, TYPE   144: Problème rencontré dans la boucle d'ajustement extérieure.
ERREUR:   DE#214577, TYPE   128: Ne peut pas créer de surface bspline.
ERREUR:   DE#214577, TYPE   128: Ne peut pas créer de surface bspline.
ERREUR:   DE#214677, TYPE   128: Ne peut pas créer de surface bspline.
ERREUR:   DE#214677, TYPE   128: Ne peut pas créer de surface bspline.
ERREUR:   DE#214777, TYPE   128: Ne peut pas créer de surface bspline.
ERREUR:   DE#214777, TYPE   128: Ne peut pas créer de surface bspline.
ERREUR:   DE#214877, TYPE   128: Ne peut pas créer de surface bspline.
ERREUR:   DE#214877, TYPE   128: Ne peut pas créer de surface bspline.
ERREUR:   DE#214977, TYPE   128: Ne peut pas créer de surface bspline.
ERREUR:   DE#214977, TYPE   128: Ne peut pas créer de surface bspline.
ERREUR:   DE#215077, TYPE   128: Ne peut pas créer de surface bspline.
ERREUR:   DE#215077, TYPE   128: Ne peut pas créer de surface bspline.
ERREUR:   DE#215201, TYPE   144: Problème rencontré dans la boucle d'ajustement extérieure.
ERREUR:   DE#215301, TYPE   144: Problème rencontré dans la boucle d'ajustement extérieure.
ERREUR:   DE#215401, TYPE   144: Problème rencontré dans la boucle d'ajustement extérieure.
ERREUR:   DE#215501, TYPE   144: Problème rencontré dans la boucle d'ajustement extérieure.
ERREUR:   DE#215601, TYPE   144: Problème rencontré dans la boucle d'ajustement extérieure.
ERREUR:   DE#216113, TYPE   144: Problème rencontré dans la boucle d'ajustement extérieure.
ERREUR:   DE#217767, TYPE   144: Problème rencontré dans la boucle d'ajustement extérieure.
ERREUR:   DE#218131, TYPE   144: Problème rencontré dans la boucle d'ajustement extérieure.
ERREUR:   DE#218159, TYPE   144: Problème rencontré dans la boucle d'ajustement extérieure.
ERREUR:   DE#218163, TYPE   128: Ne peut pas créer de surface bspline.
ERREUR:   DE#218163, TYPE   128: Ne peut pas créer de surface bspline.
ERREUR:   DE#218215, TYPE   144: Problème rencontré dans la boucle d'ajustement extérieure.
ERREUR:   DE#218219, TYPE   128: Ne peut pas créer de surface bspline.
ERREUR:   DE#218219, TYPE   128: Ne peut pas créer de surface bspline.
ERREUR:   DE#218247, TYPE   128: Ne peut pas créer de surface bspline.
ERREUR:   DE#218247, TYPE   128: Ne peut pas créer de surface bspline.
ERREUR:   DE#218299, TYPE   144: Problème rencontré dans la boucle d'ajustement extérieure.
ERREUR:   DE#218303, TYPE   128: Ne peut pas créer de surface bspline.
ERREUR:   DE#218303, TYPE   128: Ne peut pas créer de surface bspline.
ERREUR:   DE#218355, TYPE   144: Problème rencontré dans la boucle d'ajustement extérieure.
ERREUR:   DE#218539, TYPE   144: Problème rencontré dans la boucle d'ajustement extérieure.
ERREUR:   DE#218567, TYPE   144: Problème rencontré dans la boucle d'ajustement extérieure.
ERREUR:   DE#218743, TYPE   144: Problème rencontré dans la boucle d'ajustement extérieure.
ERREUR:   DE#218771, TYPE   144: Problème rencontré dans la boucle d'ajustement extérieure.
ERREUR:   DE#218799, TYPE   144: Problème rencontré dans la boucle d'ajustement extérieure.
ERREUR:   DE#218827, TYPE   144: Problème rencontré dans la boucle d'ajustement extérieure.
ERREUR:   DE#218855, TYPE   144: Problème rencontré dans la boucle d'ajustement extérieure.
ERREUR:   DE#218911, TYPE   144: Problème rencontré dans la boucle d'ajustement extérieure.
ERREUR:   DE#218939, TYPE   144: Problème rencontré dans la boucle d'ajustement extérieure.
ERREUR:   DE#218967, TYPE   144: Problème rencontré dans la boucle d'ajustement extérieure.
ERREUR:   DE#218995, TYPE   144: Problème rencontré dans la boucle d'ajustement extérieure.
ERREUR:   DE#219023, TYPE   144: Problème rencontré dans la boucle d'ajustement extérieure.
ERREUR:   DE#219163, TYPE   144: Problème rencontré dans la boucle d'ajustement extérieure.
ERREUR:   DE#219191, TYPE   144: Problème rencontré dans la boucle d'ajustement extérieure.
ERREUR:   DE#219219, TYPE   144: Problème rencontré dans la boucle d'ajustement extérieure.
ERREUR:   DE#219247, TYPE   144: Problème rencontré dans la boucle d'ajustement extérieure.
ERREUR:   DE#219275, TYPE   144: Problème rencontré dans la boucle d'ajustement extérieure.
ERREUR:   DE#219331, TYPE   144: Problème rencontré dans la boucle d'ajustement extérieure.
ERREUR:   DE#219359, TYPE   144: Problème rencontré dans la boucle d'ajustement extérieure.
ERREUR:   DE#219387, TYPE   144: Problème rencontré dans la boucle d'ajustement extérieure.
ERREUR:   DE#219415, TYPE   144: Problème rencontré dans la boucle d'ajustement extérieure.
ERREUR:   DE#219443, TYPE   144: Problème rencontré dans la boucle d'ajustement extérieure.
ERREUR:   DE#219627, TYPE   144: Problème rencontré dans la boucle d'ajustement extérieure.
ERREUR:   DE#219655, TYPE   144: Problème rencontré dans la boucle d'ajustement extérieure.
ERREUR:   DE#219831, TYPE   144: Problème rencontré dans la boucle d'ajustement extérieure.


=================================================================
Analyse de précision d'un fichier IGES:
=================================================================
  Nombre le plus répandu de chiffres significatifs:               3
  Nombre le plus grand de chiffres significatifs:                     12
  Nombre moyen de chiffres significatifs :                4.34624
  Distance maximale jusqu'à l'origine:                          1000.02
  Distance minimale jusqu'à l'origine:                                0
  Nombre effectif de chiffres significatifs:                   12


=================================================================
Récapitulatif des entités
=================================================================
-----------------------------------------------------------------
Nom de type                                         Nombre converti
---- ----                                         ----- ---------
100  Arc                                           7855      7855
102  Composite curve                              17832     17832
110  Line                                         34847     34847
120  Surface of revolution                         2491      2491
124  Transformation matrix                         6320      6320
126  Rational B-spline curve                      43035     43035
128  Rational B-spline surface                     5513      5481
142  Curve on a parametric surface                 8916      8916
144  Trimmed parametric surface                    8004      7988
308  Subfigure definition                           311       311
314  Color definition                              6861      6861
408  Singular subfigure instance                   1006      1006
_________________________________________________________________


=================================================================
Récapitulatif des résultats
=================================================================
Type de fonction SolidWorks                Nombre
-----------------------                -----
Fonction(s) volumique(s)                       304
Fonction(s) surfacique(s)                     11
Fonction(s) de courbe/d'esquisse                0
--------------------------------------------
Heure de début: mardi, avril 14, 2020 19:46:37
Heure de fin: mardi, avril 14, 2020 19:48:44
Durée de traitement: 0 days, 00 hours, 02 mins, 07 secs
